<?xml version="1.0"?>
<link_info>
   <banner>TI ARM Linker PC v5.0.4</banner>
   <copyright>Copyright (c) 1996-2013 Texas Instruments Incorporated</copyright>
   <link_time>0x604adcad</link_time>
   <output_file>ARM_HW1.out</output_file>
   <entry_point>
      <name>_c_int00</name>
      <address>0x1475</address>
   </entry_point>
   <input_file_list>
      <input_file id="fl-2">
         <path>.\drivers\</path>
         <kind>object</kind>
         <file>cfal96x64x16.obj</file>
         <name>cfal96x64x16.obj</name>
      </input_file>
      <input_file id="fl-3">
         <path>.\utils\</path>
         <kind>object</kind>
         <file>uartstdio.obj</file>
         <name>uartstdio.obj</name>
      </input_file>
      <input_file id="fl-4">
         <path>.\</path>
         <kind>object</kind>
         <file>switch.obj</file>
         <name>switch.obj</name>
      </input_file>
      <input_file id="fl-5">
         <path>.\</path>
         <kind>object</kind>
         <file>startup_ccs.obj</file>
         <name>startup_ccs.obj</name>
      </input_file>
      <input_file id="fl-6">
         <path>.\</path>
         <kind>object</kind>
         <file>hello.obj</file>
         <name>hello.obj</name>
      </input_file>
      <input_file id="fl-135">
         <path>C:\ti\ccsv5\tools\compiler\arm_5.0.4\lib\</path>
         <kind>archive</kind>
         <file>rtsv7M4_T_le_v4SPD16_eabi.lib</file>
         <name>boot.obj</name>
      </input_file>
      <input_file id="fl-136">
         <path>C:\ti\ccsv5\tools\compiler\arm_5.0.4\lib\</path>
         <kind>archive</kind>
         <file>rtsv7M4_T_le_v4SPD16_eabi.lib</file>
         <name>copy_decompress_none.obj</name>
      </input_file>
      <input_file id="fl-137">
         <path>C:\ti\ccsv5\tools\compiler\arm_5.0.4\lib\</path>
         <kind>archive</kind>
         <file>rtsv7M4_T_le_v4SPD16_eabi.lib</file>
         <name>copy_decompress_rle.obj</name>
      </input_file>
      <input_file id="fl-138">
         <path>C:\ti\ccsv5\tools\compiler\arm_5.0.4\lib\</path>
         <kind>archive</kind>
         <file>rtsv7M4_T_le_v4SPD16_eabi.lib</file>
         <name>copy_zero_init.obj</name>
      </input_file>
      <input_file id="fl-139">
         <path>C:\ti\ccsv5\tools\compiler\arm_5.0.4\lib\</path>
         <kind>archive</kind>
         <file>rtsv7M4_T_le_v4SPD16_eabi.lib</file>
         <name>exit.obj</name>
      </input_file>
      <input_file id="fl-13a">
         <path>C:\ti\ccsv5\tools\compiler\arm_5.0.4\lib\</path>
         <kind>archive</kind>
         <file>rtsv7M4_T_le_v4SPD16_eabi.lib</file>
         <name>memcpy_t2.obj</name>
      </input_file>
      <input_file id="fl-13b">
         <path>C:\ti\ccsv5\tools\compiler\arm_5.0.4\lib\</path>
         <kind>archive</kind>
         <file>rtsv7M4_T_le_v4SPD16_eabi.lib</file>
         <name>stkdepth_vars.obj</name>
      </input_file>
      <input_file id="fl-13c">
         <path>C:\ti\ccsv5\tools\compiler\arm_5.0.4\lib\</path>
         <kind>archive</kind>
         <file>rtsv7M4_T_le_v4SPD16_eabi.lib</file>
         <name>u_divt2.obj</name>
      </input_file>
      <input_file id="fl-13d">
         <path>C:\ti\ccsv5\tools\compiler\arm_5.0.4\lib\</path>
         <kind>archive</kind>
         <file>rtsv7M4_T_le_v4SPD16_eabi.lib</file>
         <name>_lock.obj</name>
      </input_file>
      <input_file id="fl-13e">
         <path>C:\ti\ccsv5\tools\compiler\arm_5.0.4\lib\</path>
         <kind>archive</kind>
         <file>rtsv7M4_T_le_v4SPD16_eabi.lib</file>
         <name>args_main.obj</name>
      </input_file>
      <input_file id="fl-13f">
         <path>C:\ti\ccsv5\tools\compiler\arm_5.0.4\lib\</path>
         <kind>archive</kind>
         <file>rtsv7M4_T_le_v4SPD16_eabi.lib</file>
         <name>auto_init.obj</name>
      </input_file>
      <input_file id="fl-140">
         <path>C:\ti\ccsv5\tools\compiler\arm_5.0.4\lib\</path>
         <kind>archive</kind>
         <file>rtsv7M4_T_le_v4SPD16_eabi.lib</file>
         <name>cpy_tbl.obj</name>
      </input_file>
      <input_file id="fl-141">
         <path>C:\ti\TivaWare_C_Series-1.1\examples\boards\dk-tm4c123g\hello\ccs\..\..\..\..\..\driverlib\ccs\Debug\</path>
         <kind>archive</kind>
         <file>driverlib.lib</file>
         <name>uart.obj</name>
      </input_file>
      <input_file id="fl-142">
         <path>C:\ti\TivaWare_C_Series-1.1\examples\boards\dk-tm4c123g\hello\ccs\..\..\..\..\..\driverlib\ccs\Debug\</path>
         <kind>archive</kind>
         <file>driverlib.lib</file>
         <name>sysctl.obj</name>
      </input_file>
      <input_file id="fl-143">
         <path>C:\ti\TivaWare_C_Series-1.1\examples\boards\dk-tm4c123g\hello\ccs\..\..\..\..\..\driverlib\ccs\Debug\</path>
         <kind>archive</kind>
         <file>driverlib.lib</file>
         <name>interrupt.obj</name>
      </input_file>
      <input_file id="fl-144">
         <path>C:\ti\TivaWare_C_Series-1.1\examples\boards\dk-tm4c123g\hello\ccs\..\..\..\..\..\driverlib\ccs\Debug\</path>
         <kind>archive</kind>
         <file>driverlib.lib</file>
         <name>cpu.obj</name>
      </input_file>
      <input_file id="fl-145">
         <path>C:\ti\TivaWare_C_Series-1.1\examples\boards\dk-tm4c123g\hello\ccs\..\..\..\..\..\grlib\ccs\Debug\</path>
         <kind>archive</kind>
         <file>grlib.lib</file>
         <name>fontcm12.obj</name>
      </input_file>
      <input_file id="fl-146">
         <path>C:\ti\TivaWare_C_Series-1.1\examples\boards\dk-tm4c123g\hello\ccs\..\..\..\..\..\grlib\ccs\Debug\</path>
         <kind>archive</kind>
         <file>grlib.lib</file>
         <name>string.obj</name>
      </input_file>
      <input_file id="fl-147">
         <path>C:\ti\TivaWare_C_Series-1.1\examples\boards\dk-tm4c123g\hello\ccs\..\..\..\..\..\grlib\ccs\Debug\</path>
         <kind>archive</kind>
         <file>grlib.lib</file>
         <name>rectangle.obj</name>
      </input_file>
      <input_file id="fl-148">
         <path>C:\ti\TivaWare_C_Series-1.1\examples\boards\dk-tm4c123g\hello\ccs\..\..\..\..\..\grlib\ccs\Debug\</path>
         <kind>archive</kind>
         <file>grlib.lib</file>
         <name>line.obj</name>
      </input_file>
      <input_file id="fl-149">
         <path>C:\ti\TivaWare_C_Series-1.1\examples\boards\dk-tm4c123g\hello\ccs\..\..\..\..\..\grlib\ccs\Debug\</path>
         <kind>archive</kind>
         <file>grlib.lib</file>
         <name>context.obj</name>
      </input_file>
      <input_file id="fl-14a">
         <path>C:\ti\TivaWare_C_Series-1.1\examples\boards\dk-tm4c123g\hello\ccs\..\..\..\..\..\grlib\ccs\Debug\</path>
         <kind>archive</kind>
         <file>grlib.lib</file>
         <name>charmap.obj</name>
      </input_file>
   </input_file_list>
   <object_component_list>
      <object_component id="oc-e">
         <name>.intvecs</name>
         <load_address>0x0</load_address>
         <run_address>0x0</run_address>
         <size>0x26c</size>
         <input_file_ref idref="fl-5"/>
      </object_component>
      <object_component id="oc-1ad">
         <name>.text:GrFontGlyphRender</name>
         <load_address>0x26c</load_address>
         <run_address>0x26c</run_address>
         <size>0x266</size>
         <input_file_ref idref="fl-146"/>
      </object_component>
      <object_component id="oc-160">
         <name>.text:CFAL96x64x16Flush</name>
         <load_address>0x4d2</load_address>
         <run_address>0x4d2</run_address>
         <size>0x2</size>
         <input_file_ref idref="fl-2"/>
      </object_component>
      <object_component id="oc-fd">
         <name>.text:UARTvprintf</name>
         <load_address>0x4d4</load_address>
         <run_address>0x4d4</run_address>
         <size>0x1ea</size>
         <input_file_ref idref="fl-3"/>
      </object_component>
      <object_component id="oc-34">
         <name>.text:FaultISR</name>
         <load_address>0x6be</load_address>
         <run_address>0x6be</run_address>
         <size>0x2</size>
         <input_file_ref idref="fl-5"/>
      </object_component>
      <object_component id="oc-24">
         <name>.text:main</name>
         <load_address>0x6c0</load_address>
         <run_address>0x6c0</run_address>
         <size>0x1e0</size>
         <input_file_ref idref="fl-6"/>
      </object_component>
      <object_component id="oc-76">
         <name>.text:CFAL96x64x16Init</name>
         <load_address>0x8a0</load_address>
         <run_address>0x8a0</run_address>
         <size>0x160</size>
         <input_file_ref idref="fl-2"/>
      </object_component>
      <object_component id="oc-20">
         <name>.text</name>
         <load_address>0xa00</load_address>
         <run_address>0xa00</run_address>
         <size>0x152</size>
         <input_file_ref idref="fl-4"/>
      </object_component>
      <object_component id="oc-14c">
         <name>.text:CFAL96x64x16PixelDrawMultiple</name>
         <load_address>0xb52</load_address>
         <run_address>0xb52</run_address>
         <size>0x13c</size>
         <input_file_ref idref="fl-2"/>
      </object_component>
      <object_component id="oc-11b">
         <name>.text:GrDefaultStringRenderer</name>
         <load_address>0xc8e</load_address>
         <run_address>0xc8e</run_address>
         <size>0xca</size>
         <input_file_ref idref="fl-146"/>
      </object_component>
      <object_component id="oc-50">
         <name>.text</name>
         <load_address>0xd58</load_address>
         <run_address>0xd58</run_address>
         <size>0x9c</size>
         <input_file_ref idref="fl-13a"/>
      </object_component>
      <object_component id="oc-205">
         <name>.text:UARTgets</name>
         <load_address>0xdf4</load_address>
         <run_address>0xdf4</run_address>
         <size>0x98</size>
         <input_file_ref idref="fl-3"/>
      </object_component>
      <object_component id="oc-41">
         <name>.text</name>
         <load_address>0xe8c</load_address>
         <run_address>0xe8c</run_address>
         <size>0x94</size>
         <input_file_ref idref="fl-13f"/>
      </object_component>
      <object_component id="oc-156">
         <name>.text:CFAL96x64x16LineDrawV</name>
         <load_address>0xf20</load_address>
         <run_address>0xf20</run_address>
         <size>0x92</size>
         <input_file_ref idref="fl-2"/>
      </object_component>
      <object_component id="oc-94">
         <name>.text:GrRectFill</name>
         <load_address>0xfb2</load_address>
         <run_address>0xfb2</run_address>
         <size>0x86</size>
         <input_file_ref idref="fl-147"/>
      </object_component>
      <object_component id="oc-151">
         <name>.text:CFAL96x64x16LineDrawH</name>
         <load_address>0x1038</load_address>
         <run_address>0x1038</run_address>
         <size>0x6c</size>
         <input_file_ref idref="fl-2"/>
      </object_component>
      <object_component id="oc-8a">
         <name>.text:stringDraw</name>
         <load_address>0x10a4</load_address>
         <run_address>0x10a4</run_address>
         <size>0x6a</size>
         <input_file_ref idref="fl-6"/>
      </object_component>
      <object_component id="oc-99">
         <name>.text:GrRectDraw</name>
         <load_address>0x110e</load_address>
         <run_address>0x110e</run_address>
         <size>0x66</size>
         <input_file_ref idref="fl-147"/>
      </object_component>
      <object_component id="oc-7b">
         <name>.text:GrContextInit</name>
         <load_address>0x1174</load_address>
         <run_address>0x1174</run_address>
         <size>0x64</size>
         <input_file_ref idref="fl-149"/>
      </object_component>
      <object_component id="oc-60">
         <name>.text</name>
         <load_address>0x11d8</load_address>
         <run_address>0x11d8</run_address>
         <size>0x5e</size>
         <input_file_ref idref="fl-137"/>
      </object_component>
      <object_component id="oc-39">
         <name>.text:IntDefaultHandler</name>
         <load_address>0x1236</load_address>
         <run_address>0x1236</run_address>
         <size>0x2</size>
         <input_file_ref idref="fl-5"/>
      </object_component>
      <object_component id="oc-6c">
         <name>.text:ConfigureUART</name>
         <load_address>0x1238</load_address>
         <run_address>0x1238</run_address>
         <size>0x5c</size>
         <input_file_ref idref="fl-6"/>
      </object_component>
      <object_component id="oc-20c">
         <name>.text:FontWideGlyphDataGet</name>
         <load_address>0x1294</load_address>
         <run_address>0x1294</run_address>
         <size>0x5c</size>
         <input_file_ref idref="fl-146"/>
      </object_component>
      <object_component id="oc-f7">
         <name>.text:UARTStdioConfig</name>
         <load_address>0x12f0</load_address>
         <run_address>0x12f0</run_address>
         <size>0x58</size>
         <input_file_ref idref="fl-3"/>
      </object_component>
      <object_component id="oc-109">
         <name>.text:CFAL96x64x16WriteCommand</name>
         <load_address>0x1348</load_address>
         <run_address>0x1348</run_address>
         <size>0x4c</size>
         <input_file_ref idref="fl-2"/>
      </object_component>
      <object_component id="oc-1d5">
         <name>.text:CFAL96x64x16WriteData</name>
         <load_address>0x1394</load_address>
         <run_address>0x1394</run_address>
         <size>0x4c</size>
         <input_file_ref idref="fl-2"/>
      </object_component>
      <object_component id="oc-126">
         <name>.text:UpdateContextCharMapping</name>
         <load_address>0x13e0</load_address>
         <run_address>0x13e0</run_address>
         <size>0x4a</size>
         <input_file_ref idref="fl-146"/>
      </object_component>
      <object_component id="oc-2f">
         <name>.text:NmiSR</name>
         <load_address>0x142a</load_address>
         <run_address>0x142a</run_address>
         <size>0x2</size>
         <input_file_ref idref="fl-5"/>
      </object_component>
      <object_component id="oc-18e">
         <name>.text:UARTwrite</name>
         <load_address>0x142c</load_address>
         <run_address>0x142c</run_address>
         <size>0x48</size>
         <input_file_ref idref="fl-3"/>
      </object_component>
      <object_component id="oc-10">
         <name>.text</name>
         <load_address>0x1474</load_address>
         <run_address>0x1474</run_address>
         <size>0x48</size>
         <input_file_ref idref="fl-135"/>
      </object_component>
      <object_component id="oc-13c">
         <name>.text:GrLineDrawH</name>
         <load_address>0x14bc</load_address>
         <run_address>0x14bc</run_address>
         <size>0x46</size>
         <input_file_ref idref="fl-148"/>
      </object_component>
      <object_component id="oc-141">
         <name>.text:GrLineDrawV</name>
         <load_address>0x1502</load_address>
         <run_address>0x1502</run_address>
         <size>0x46</size>
         <input_file_ref idref="fl-148"/>
      </object_component>
      <object_component id="oc-c1">
         <name>.text</name>
         <load_address>0x1548</load_address>
         <run_address>0x1548</run_address>
         <size>0x44</size>
         <input_file_ref idref="fl-140"/>
      </object_component>
      <object_component id="oc-193">
         <name>.text</name>
         <load_address>0x158c</load_address>
         <run_address>0x158c</run_address>
         <size>0x42</size>
         <input_file_ref idref="fl-13c"/>
      </object_component>
      <object_component id="oc-49">
         <name>.text</name>
         <load_address>0x15d0</load_address>
         <run_address>0x15d0</run_address>
         <size>0x40</size>
         <input_file_ref idref="fl-139"/>
      </object_component>
      <object_component id="oc-211">
         <name>.text:FontGlyphDataGet</name>
         <load_address>0x1610</load_address>
         <run_address>0x1610</run_address>
         <size>0x3a</size>
         <input_file_ref idref="fl-146"/>
      </object_component>
      <object_component id="oc-147">
         <name>.text:CFAL96x64x16PixelDraw</name>
         <load_address>0x164a</load_address>
         <run_address>0x164a</run_address>
         <size>0x32</size>
         <input_file_ref idref="fl-2"/>
      </object_component>
      <object_component id="oc-10e">
         <name>.text:CFAL96x64x16RectFill</name>
         <load_address>0x167c</load_address>
         <run_address>0x167c</run_address>
         <size>0x2a</size>
         <input_file_ref idref="fl-2"/>
      </object_component>
      <object_component id="oc-1a3">
         <name>.text:GrStringNextCharGet</name>
         <load_address>0x16a6</load_address>
         <run_address>0x16a6</run_address>
         <size>0x2a</size>
         <input_file_ref idref="fl-146"/>
      </object_component>
      <object_component id="oc-19e">
         <name>.text:GrFontInfoGet</name>
         <load_address>0x16d0</load_address>
         <run_address>0x16d0</run_address>
         <size>0x26</size>
         <input_file_ref idref="fl-146"/>
      </object_component>
      <object_component id="oc-1a8">
         <name>.text:GrFontGlyphDataGet</name>
         <load_address>0x16f6</load_address>
         <run_address>0x16f6</run_address>
         <size>0x22</size>
         <input_file_ref idref="fl-146"/>
      </object_component>
      <object_component id="oc-1c3">
         <name>.text:GrFontCodepageGet</name>
         <load_address>0x1718</load_address>
         <run_address>0x1718</run_address>
         <size>0x1e</size>
         <input_file_ref idref="fl-146"/>
      </object_component>
      <object_component id="oc-71">
         <name>.text:UARTprintf</name>
         <load_address>0x1736</load_address>
         <run_address>0x1736</run_address>
         <size>0x1a</size>
         <input_file_ref idref="fl-3"/>
      </object_component>
      <object_component id="oc-45">
         <name>.text</name>
         <load_address>0x1750</load_address>
         <run_address>0x1750</run_address>
         <size>0x18</size>
         <input_file_ref idref="fl-13e"/>
      </object_component>
      <object_component id="oc-15b">
         <name>.text:CFAL96x64x16ColorTranslate</name>
         <load_address>0x1768</load_address>
         <run_address>0x1768</run_address>
         <size>0x16</size>
         <input_file_ref idref="fl-2"/>
      </object_component>
      <object_component id="oc-173">
         <name>.text</name>
         <load_address>0x1780</load_address>
         <run_address>0x1780</run_address>
         <size>0x14</size>
         <input_file_ref idref="fl-13d"/>
      </object_component>
      <object_component id="oc-8f">
         <name>.text:GrStringDraw</name>
         <load_address>0x1794</load_address>
         <run_address>0x1794</run_address>
         <size>0x12</size>
         <input_file_ref idref="fl-146"/>
      </object_component>
      <object_component id="oc-18">
         <name>.text:decompress:ZI</name>
         <load_address>0x17a6</load_address>
         <run_address>0x17a6</run_address>
         <size>0x12</size>
         <input_file_ref idref="fl-138"/>
      </object_component>
      <object_component id="oc-14">
         <name>.text:decompress:none</name>
         <load_address>0x17b8</load_address>
         <run_address>0x17b8</run_address>
         <size>0xe</size>
         <input_file_ref idref="fl-136"/>
      </object_component>
      <object_component id="oc-1b8">
         <name>.text:GrMapISO8859_1_Unicode</name>
         <load_address>0x17c6</load_address>
         <run_address>0x17c6</run_address>
         <size>0x8</size>
         <input_file_ref idref="fl-14a"/>
      </object_component>
      <object_component id="oc-80">
         <name>.text:GrContextFontSet</name>
         <load_address>0x17ce</load_address>
         <run_address>0x17ce</run_address>
         <size>0x6</size>
         <input_file_ref idref="fl-146"/>
      </object_component>
      <object_component id="oc-2a">
         <name>.text:ResetISR</name>
         <load_address>0x17d4</load_address>
         <run_address>0x17d4</run_address>
         <size>0x6</size>
         <input_file_ref idref="fl-5"/>
      </object_component>
      <object_component id="oc-9e">
         <name>.text:SysCtlDelay</name>
         <load_address>0x17da</load_address>
         <run_address>0x17da</run_address>
         <size>0x6</size>
         <input_file_ref idref="fl-142"/>
      </object_component>
      <object_component id="oc-f2">
         <name>.text:UARTClockSourceSet</name>
         <load_address>0x17e0</load_address>
         <run_address>0x17e0</run_address>
         <size>0x6</size>
         <input_file_ref idref="fl-141"/>
      </object_component>
      <object_component id="oc-1c">
         <name>.text:decompress:rle24</name>
         <load_address>0x17e6</load_address>
         <run_address>0x17e6</run_address>
         <size>0x6</size>
         <input_file_ref idref="fl-137"/>
      </object_component>
      <object_component id="oc-85">
         <name>.text:intTochar</name>
         <load_address>0x17ec</load_address>
         <run_address>0x17ec</run_address>
         <size>0x4</size>
         <input_file_ref idref="fl-6"/>
      </object_component>
      <object_component id="oc-168">
         <name>.const:.string:g_pui8Cm12Data</name>
         <load_address>0x17f0</load_address>
         <run_address>0x17f0</run_address>
         <size>0x55f</size>
         <input_file_ref idref="fl-145"/>
      </object_component>
      <object_component id="oc-a1">
         <name>.const:g_sFontCm12</name>
         <load_address>0x1d50</load_address>
         <run_address>0x1d50</run_address>
         <size>0xc8</size>
         <input_file_ref idref="fl-145"/>
      </object_component>
      <object_component id="oc-9f">
         <name>.const:g_sCFAL96x64x16</name>
         <load_address>0x1e18</load_address>
         <run_address>0x1e18</run_address>
         <size>0x28</size>
         <input_file_ref idref="fl-2"/>
      </object_component>
      <object_component id="oc-188">
         <name>.const</name>
         <load_address>0x1e40</load_address>
         <run_address>0x1e40</run_address>
         <size>0x1c</size>
         <input_file_ref idref="fl-3"/>
      </object_component>
      <object_component id="oc-1fe">
         <name>.const:.string</name>
         <load_address>0x1e5c</load_address>
         <run_address>0x1e5c</run_address>
         <size>0x12</size>
         <input_file_ref idref="fl-3"/>
      </object_component>
      <object_component id="oc-120">
         <name>.const</name>
         <load_address>0x1e70</load_address>
         <run_address>0x1e70</run_address>
         <size>0x10</size>
         <input_file_ref idref="fl-149"/>
      </object_component>
      <object_component id="oc-a3">
         <name>.const:.string</name>
         <load_address>0x1e80</load_address>
         <run_address>0x1e80</run_address>
         <size>0x4</size>
         <input_file_ref idref="fl-6"/>
      </object_component>
      <object_component id="oc-23e">
         <name>.cinit..data.load</name>
         <load_address>0x1e88</load_address>
         <run_address>0x1e88</run_address>
         <size>0x23</size>
      </object_component>
      <object_component id="oc-23c">
         <name>__TI_handler_table</name>
         <load_address>0x1eac</load_address>
         <run_address>0x1eac</run_address>
         <size>0xc</size>
      </object_component>
      <object_component id="oc-23f">
         <name>.cinit..bss.load</name>
         <load_address>0x1eb8</load_address>
         <run_address>0x1eb8</run_address>
         <size>0x8</size>
      </object_component>
      <object_component id="oc-23d">
         <name>__TI_cinit_table</name>
         <load_address>0x1ec0</load_address>
         <run_address>0x1ec0</run_address>
         <size>0x10</size>
      </object_component>
      <object_component id="oc-4d">
         <name>.data</name>
         <load_address>0x2000022c</load_address>
         <run_address>0x2000022c</run_address>
         <size>0x4</size>
         <input_file_ref idref="fl-13b"/>
      </object_component>
      <object_component id="oc-cc">
         <name>.data</name>
         <load_address>0x20000214</load_address>
         <run_address>0x20000214</run_address>
         <size>0x8</size>
         <input_file_ref idref="fl-13d"/>
      </object_component>
      <object_component id="oc-ce">
         <name>.data</name>
         <load_address>0x2000021c</load_address>
         <run_address>0x2000021c</run_address>
         <size>0x8</size>
         <input_file_ref idref="fl-139"/>
      </object_component>
      <object_component id="oc-113">
         <name>.data</name>
         <load_address>0x20000200</load_address>
         <run_address>0x20000200</run_address>
         <size>0x13</size>
         <input_file_ref idref="fl-2"/>
      </object_component>
      <object_component id="oc-18a">
         <name>.data</name>
         <load_address>0x20000224</load_address>
         <run_address>0x20000224</run_address>
         <size>0x5</size>
         <input_file_ref idref="fl-3"/>
      </object_component>
      <object_component id="oc-122">
         <name>.bss</name>
         <uninitialized>true</uninitialized>
         <run_address>0x20000230</run_address>
         <size>0x4</size>
         <input_file_ref idref="fl-149"/>
      </object_component>
      <object_component id="oc-29">
         <name>.stack</name>
         <uninitialized>true</uninitialized>
         <run_address>0x20000000</run_address>
         <size>0x0</size>
         <input_file_ref idref="fl-135"/>
      </object_component>
      <object_component id="oc-240">
         <name>.stack</name>
         <uninitialized>true</uninitialized>
         <run_address>0x20000000</run_address>
         <size>0x0</size>
      </object_component>
      <object_component id="oc-f">
         <name>.debug_info</name>
         <load_address>0x0</load_address>
         <run_address>0x0</run_address>
         <size>0xbb</size>
         <input_file_ref idref="fl-5"/>
      </object_component>
      <object_component id="oc-11">
         <name>.debug_info</name>
         <load_address>0xbb</load_address>
         <run_address>0xbb</run_address>
         <size>0xf4</size>
         <input_file_ref idref="fl-135"/>
      </object_component>
      <object_component id="oc-15">
         <name>.debug_info</name>
         <load_address>0x1af</load_address>
         <run_address>0x1af</run_address>
         <size>0x159</size>
         <input_file_ref idref="fl-136"/>
      </object_component>
      <object_component id="oc-19">
         <name>.debug_info</name>
         <load_address>0x308</load_address>
         <run_address>0x308</run_address>
         <size>0x193</size>
         <input_file_ref idref="fl-138"/>
      </object_component>
      <object_component id="oc-1d">
         <name>.debug_info</name>
         <load_address>0x49b</load_address>
         <run_address>0x49b</run_address>
         <size>0x16a</size>
         <input_file_ref idref="fl-137"/>
      </object_component>
      <object_component id="oc-21">
         <name>.debug_info</name>
         <load_address>0x605</load_address>
         <run_address>0x605</run_address>
         <size>0xd5</size>
         <input_file_ref idref="fl-4"/>
      </object_component>
      <object_component id="oc-25">
         <name>.debug_info</name>
         <load_address>0x6da</load_address>
         <run_address>0x6da</run_address>
         <size>0x3c8</size>
         <input_file_ref idref="fl-6"/>
      </object_component>
      <object_component id="oc-2b">
         <name>.debug_info</name>
         <load_address>0xaa2</load_address>
         <run_address>0xaa2</run_address>
         <size>0xeb</size>
         <input_file_ref idref="fl-5"/>
      </object_component>
      <object_component id="oc-30">
         <name>.debug_info</name>
         <load_address>0xb8d</load_address>
         <run_address>0xb8d</run_address>
         <size>0x146</size>
         <input_file_ref idref="fl-5"/>
      </object_component>
      <object_component id="oc-35">
         <name>.debug_info</name>
         <load_address>0xcd3</load_address>
         <run_address>0xcd3</run_address>
         <size>0x14e</size>
         <input_file_ref idref="fl-5"/>
      </object_component>
      <object_component id="oc-3a">
         <name>.debug_info</name>
         <load_address>0xe21</load_address>
         <run_address>0xe21</run_address>
         <size>0x160</size>
         <input_file_ref idref="fl-5"/>
      </object_component>
      <object_component id="oc-40">
         <name>.debug_info</name>
         <load_address>0xf81</load_address>
         <run_address>0xf81</run_address>
         <size>0xd6</size>
         <input_file_ref idref="fl-5"/>
      </object_component>
      <object_component id="oc-42">
         <name>.debug_info</name>
         <load_address>0x1057</load_address>
         <run_address>0x1057</run_address>
         <size>0x13f</size>
         <input_file_ref idref="fl-13f"/>
      </object_component>
      <object_component id="oc-46">
         <name>.debug_info</name>
         <load_address>0x1196</load_address>
         <run_address>0x1196</run_address>
         <size>0xfe</size>
         <input_file_ref idref="fl-13e"/>
      </object_component>
      <object_component id="oc-4a">
         <name>.debug_info</name>
         <load_address>0x1294</load_address>
         <run_address>0x1294</run_address>
         <size>0x205</size>
         <input_file_ref idref="fl-139"/>
      </object_component>
      <object_component id="oc-4e">
         <name>.debug_info</name>
         <load_address>0x1499</load_address>
         <run_address>0x1499</run_address>
         <size>0xbe</size>
         <input_file_ref idref="fl-13b"/>
      </object_component>
      <object_component id="oc-51">
         <name>.debug_info</name>
         <load_address>0x1557</load_address>
         <run_address>0x1557</run_address>
         <size>0xcd</size>
         <input_file_ref idref="fl-13a"/>
      </object_component>
      <object_component id="oc-55">
         <name>.debug_info</name>
         <load_address>0x1624</load_address>
         <run_address>0x1624</run_address>
         <size>0x46</size>
         <input_file_ref idref="fl-136"/>
      </object_component>
      <object_component id="oc-5b">
         <name>.debug_info</name>
         <load_address>0x166a</load_address>
         <run_address>0x166a</run_address>
         <size>0x46</size>
         <input_file_ref idref="fl-138"/>
      </object_component>
      <object_component id="oc-61">
         <name>.debug_info</name>
         <load_address>0x16b0</load_address>
         <run_address>0x16b0</run_address>
         <size>0x318</size>
         <input_file_ref idref="fl-137"/>
      </object_component>
      <object_component id="oc-65">
         <name>.debug_info</name>
         <load_address>0x19c8</load_address>
         <run_address>0x19c8</run_address>
         <size>0xb2</size>
         <input_file_ref idref="fl-137"/>
      </object_component>
      <object_component id="oc-66">
         <name>.debug_info</name>
         <load_address>0x1a7a</load_address>
         <run_address>0x1a7a</run_address>
         <size>0x39</size>
         <input_file_ref idref="fl-137"/>
      </object_component>
      <object_component id="oc-6d">
         <name>.debug_info</name>
         <load_address>0x1ab3</load_address>
         <run_address>0x1ab3</run_address>
         <size>0x135</size>
         <input_file_ref idref="fl-6"/>
      </object_component>
      <object_component id="oc-72">
         <name>.debug_info</name>
         <load_address>0x1be8</load_address>
         <run_address>0x1be8</run_address>
         <size>0x18b</size>
         <input_file_ref idref="fl-3"/>
      </object_component>
      <object_component id="oc-77">
         <name>.debug_info</name>
         <load_address>0x1d73</load_address>
         <run_address>0x1d73</run_address>
         <size>0x2ae</size>
         <input_file_ref idref="fl-2"/>
      </object_component>
      <object_component id="oc-7c">
         <name>.debug_info</name>
         <load_address>0x2021</load_address>
         <run_address>0x2021</run_address>
         <size>0x1e1</size>
         <input_file_ref idref="fl-149"/>
      </object_component>
      <object_component id="oc-81">
         <name>.debug_info</name>
         <load_address>0x2202</load_address>
         <run_address>0x2202</run_address>
         <size>0x1f1</size>
         <input_file_ref idref="fl-146"/>
      </object_component>
      <object_component id="oc-86">
         <name>.debug_info</name>
         <load_address>0x23f3</load_address>
         <run_address>0x23f3</run_address>
         <size>0xf2</size>
         <input_file_ref idref="fl-6"/>
      </object_component>
      <object_component id="oc-8b">
         <name>.debug_info</name>
         <load_address>0x24e5</load_address>
         <run_address>0x24e5</run_address>
         <size>0x13d</size>
         <input_file_ref idref="fl-6"/>
      </object_component>
      <object_component id="oc-90">
         <name>.debug_info</name>
         <load_address>0x2622</load_address>
         <run_address>0x2622</run_address>
         <size>0x21b</size>
         <input_file_ref idref="fl-146"/>
      </object_component>
      <object_component id="oc-95">
         <name>.debug_info</name>
         <load_address>0x283d</load_address>
         <run_address>0x283d</run_address>
         <size>0x1e8</size>
         <input_file_ref idref="fl-147"/>
      </object_component>
      <object_component id="oc-9a">
         <name>.debug_info</name>
         <load_address>0x2a25</load_address>
         <run_address>0x2a25</run_address>
         <size>0x1fc</size>
         <input_file_ref idref="fl-147"/>
      </object_component>
      <object_component id="oc-a0">
         <name>.debug_info</name>
         <load_address>0x2c21</load_address>
         <run_address>0x2c21</run_address>
         <size>0x100</size>
         <input_file_ref idref="fl-2"/>
      </object_component>
      <object_component id="oc-a2">
         <name>.debug_info</name>
         <load_address>0x2d21</load_address>
         <run_address>0x2d21</run_address>
         <size>0xfe</size>
         <input_file_ref idref="fl-145"/>
      </object_component>
      <object_component id="oc-a4">
         <name>.debug_info</name>
         <load_address>0x2e1f</load_address>
         <run_address>0x2e1f</run_address>
         <size>0xaa</size>
         <input_file_ref idref="fl-6"/>
      </object_component>
      <object_component id="oc-a6">
         <name>.debug_info</name>
         <load_address>0x2ec9</load_address>
         <run_address>0x2ec9</run_address>
         <size>0x90</size>
         <input_file_ref idref="fl-2"/>
      </object_component>
      <object_component id="oc-ab">
         <name>.debug_info</name>
         <load_address>0x2f59</load_address>
         <run_address>0x2f59</run_address>
         <size>0x6bd</size>
         <input_file_ref idref="fl-6"/>
      </object_component>
      <object_component id="oc-b0">
         <name>.debug_info</name>
         <load_address>0x3616</load_address>
         <run_address>0x3616</run_address>
         <size>0x59b</size>
         <input_file_ref idref="fl-6"/>
      </object_component>
      <object_component id="oc-b7">
         <name>.debug_info</name>
         <load_address>0x3bb1</load_address>
         <run_address>0x3bb1</run_address>
         <size>0x89</size>
         <input_file_ref idref="fl-5"/>
      </object_component>
      <object_component id="oc-bc">
         <name>.debug_info</name>
         <load_address>0x3c3a</load_address>
         <run_address>0x3c3a</run_address>
         <size>0x18b</size>
         <input_file_ref idref="fl-2"/>
      </object_component>
      <object_component id="oc-c2">
         <name>.debug_info</name>
         <load_address>0x3dc5</load_address>
         <run_address>0x3dc5</run_address>
         <size>0x191</size>
         <input_file_ref idref="fl-140"/>
      </object_component>
      <object_component id="oc-c7">
         <name>.debug_info</name>
         <load_address>0x3f56</load_address>
         <run_address>0x3f56</run_address>
         <size>0x90</size>
         <input_file_ref idref="fl-13e"/>
      </object_component>
      <object_component id="oc-cd">
         <name>.debug_info</name>
         <load_address>0x3fe6</load_address>
         <run_address>0x3fe6</run_address>
         <size>0xc8</size>
         <input_file_ref idref="fl-13d"/>
      </object_component>
      <object_component id="oc-cf">
         <name>.debug_info</name>
         <load_address>0x40ae</load_address>
         <run_address>0x40ae</run_address>
         <size>0xdb</size>
         <input_file_ref idref="fl-139"/>
      </object_component>
      <object_component id="oc-d1">
         <name>.debug_info</name>
         <load_address>0x4189</load_address>
         <run_address>0x4189</run_address>
         <size>0x89</size>
         <input_file_ref idref="fl-136"/>
      </object_component>
      <object_component id="oc-d8">
         <name>.debug_info</name>
         <load_address>0x4212</load_address>
         <run_address>0x4212</run_address>
         <size>0x83</size>
         <input_file_ref idref="fl-13b"/>
      </object_component>
      <object_component id="oc-de">
         <name>.debug_info</name>
         <load_address>0x4295</load_address>
         <run_address>0x4295</run_address>
         <size>0x46</size>
         <input_file_ref idref="fl-136"/>
      </object_component>
      <object_component id="oc-e3">
         <name>.debug_info</name>
         <load_address>0x42db</load_address>
         <run_address>0x42db</run_address>
         <size>0xe8</size>
         <input_file_ref idref="fl-136"/>
      </object_component>
      <object_component id="oc-e4">
         <name>.debug_info</name>
         <load_address>0x43c3</load_address>
         <run_address>0x43c3</run_address>
         <size>0x2c</size>
         <input_file_ref idref="fl-137"/>
      </object_component>
      <object_component id="oc-e9">
         <name>.debug_info</name>
         <load_address>0x43ef</load_address>
         <run_address>0x43ef</run_address>
         <size>0xa8</size>
         <input_file_ref idref="fl-138"/>
      </object_component>
      <object_component id="oc-eb">
         <name>.debug_info</name>
         <load_address>0x4497</load_address>
         <run_address>0x4497</run_address>
         <size>0x84</size>
         <input_file_ref idref="fl-137"/>
      </object_component>
      <object_component id="oc-f3">
         <name>.debug_info</name>
         <load_address>0x451b</load_address>
         <run_address>0x451b</run_address>
         <size>0x1f5</size>
         <input_file_ref idref="fl-141"/>
      </object_component>
      <object_component id="oc-f8">
         <name>.debug_info</name>
         <load_address>0x4710</load_address>
         <run_address>0x4710</run_address>
         <size>0x1e7</size>
         <input_file_ref idref="fl-3"/>
      </object_component>
      <object_component id="oc-fe">
         <name>.debug_info</name>
         <load_address>0x48f7</load_address>
         <run_address>0x48f7</run_address>
         <size>0x8a9</size>
         <input_file_ref idref="fl-3"/>
      </object_component>
      <object_component id="oc-103">
         <name>.debug_info</name>
         <load_address>0x51a0</load_address>
         <run_address>0x51a0</run_address>
         <size>0xec</size>
         <input_file_ref idref="fl-3"/>
      </object_component>
      <object_component id="oc-104">
         <name>.debug_info</name>
         <load_address>0x528c</load_address>
         <run_address>0x528c</run_address>
         <size>0x4e</size>
         <input_file_ref idref="fl-2"/>
      </object_component>
      <object_component id="oc-10a">
         <name>.debug_info</name>
         <load_address>0x52da</load_address>
         <run_address>0x52da</run_address>
         <size>0x381</size>
         <input_file_ref idref="fl-2"/>
      </object_component>
      <object_component id="oc-10f">
         <name>.debug_info</name>
         <load_address>0x565b</load_address>
         <run_address>0x565b</run_address>
         <size>0x316</size>
         <input_file_ref idref="fl-2"/>
      </object_component>
      <object_component id="oc-114">
         <name>.debug_info</name>
         <load_address>0x5971</load_address>
         <run_address>0x5971</run_address>
         <size>0x110</size>
         <input_file_ref idref="fl-2"/>
      </object_component>
      <object_component id="oc-116">
         <name>.debug_info</name>
         <load_address>0x5a81</load_address>
         <run_address>0x5a81</run_address>
         <size>0x6bd</size>
         <input_file_ref idref="fl-2"/>
      </object_component>
      <object_component id="oc-11c">
         <name>.debug_info</name>
         <load_address>0x613e</load_address>
         <run_address>0x613e</run_address>
         <size>0x4dc</size>
         <input_file_ref idref="fl-146"/>
      </object_component>
      <object_component id="oc-121">
         <name>.debug_info</name>
         <load_address>0x661a</load_address>
         <run_address>0x661a</run_address>
         <size>0x119</size>
         <input_file_ref idref="fl-149"/>
      </object_component>
      <object_component id="oc-123">
         <name>.debug_info</name>
         <load_address>0x6733</load_address>
         <run_address>0x6733</run_address>
         <size>0x102</size>
         <input_file_ref idref="fl-149"/>
      </object_component>
      <object_component id="oc-125">
         <name>.debug_info</name>
         <load_address>0x6835</load_address>
         <run_address>0x6835</run_address>
         <size>0x3de</size>
         <input_file_ref idref="fl-149"/>
      </object_component>
      <object_component id="oc-127">
         <name>.debug_info</name>
         <load_address>0x6c13</load_address>
         <run_address>0x6c13</run_address>
         <size>0x2b1</size>
         <input_file_ref idref="fl-146"/>
      </object_component>
      <object_component id="oc-12c">
         <name>.debug_info</name>
         <load_address>0x6ec4</load_address>
         <run_address>0x6ec4</run_address>
         <size>0x397</size>
         <input_file_ref idref="fl-146"/>
      </object_component>
      <object_component id="oc-130">
         <name>.debug_info</name>
         <load_address>0x725b</load_address>
         <run_address>0x725b</run_address>
         <size>0x18b</size>
         <input_file_ref idref="fl-145"/>
      </object_component>
      <object_component id="oc-136">
         <name>.debug_info</name>
         <load_address>0x73e6</load_address>
         <run_address>0x73e6</run_address>
         <size>0x385</size>
         <input_file_ref idref="fl-147"/>
      </object_component>
      <object_component id="oc-137">
         <name>.debug_info</name>
         <load_address>0x776b</load_address>
         <run_address>0x776b</run_address>
         <size>0x6bd</size>
         <input_file_ref idref="fl-147"/>
      </object_component>
      <object_component id="oc-13d">
         <name>.debug_info</name>
         <load_address>0x7e28</load_address>
         <run_address>0x7e28</run_address>
         <size>0x20f</size>
         <input_file_ref idref="fl-148"/>
      </object_component>
      <object_component id="oc-142">
         <name>.debug_info</name>
         <load_address>0x8037</load_address>
         <run_address>0x8037</run_address>
         <size>0x20f</size>
         <input_file_ref idref="fl-148"/>
      </object_component>
      <object_component id="oc-148">
         <name>.debug_info</name>
         <load_address>0x8246</load_address>
         <run_address>0x8246</run_address>
         <size>0x2b0</size>
         <input_file_ref idref="fl-2"/>
      </object_component>
      <object_component id="oc-14d">
         <name>.debug_info</name>
         <load_address>0x84f6</load_address>
         <run_address>0x84f6</run_address>
         <size>0x66f</size>
         <input_file_ref idref="fl-2"/>
      </object_component>
      <object_component id="oc-152">
         <name>.debug_info</name>
         <load_address>0x8b65</load_address>
         <run_address>0x8b65</run_address>
         <size>0x42d</size>
         <input_file_ref idref="fl-2"/>
      </object_component>
      <object_component id="oc-157">
         <name>.debug_info</name>
         <load_address>0x8f92</load_address>
         <run_address>0x8f92</run_address>
         <size>0x44c</size>
         <input_file_ref idref="fl-2"/>
      </object_component>
      <object_component id="oc-15c">
         <name>.debug_info</name>
         <load_address>0x93de</load_address>
         <run_address>0x93de</run_address>
         <size>0x228</size>
         <input_file_ref idref="fl-2"/>
      </object_component>
      <object_component id="oc-161">
         <name>.debug_info</name>
         <load_address>0x9606</load_address>
         <run_address>0x9606</run_address>
         <size>0x1dc</size>
         <input_file_ref idref="fl-2"/>
      </object_component>
      <object_component id="oc-167">
         <name>.debug_info</name>
         <load_address>0x97e2</load_address>
         <run_address>0x97e2</run_address>
         <size>0x331</size>
         <input_file_ref idref="fl-2"/>
      </object_component>
      <object_component id="oc-169">
         <name>.debug_info</name>
         <load_address>0x9b13</load_address>
         <run_address>0x9b13</run_address>
         <size>0x103</size>
         <input_file_ref idref="fl-145"/>
      </object_component>
      <object_component id="oc-16c">
         <name>.debug_info</name>
         <load_address>0x9c16</load_address>
         <run_address>0x9c16</run_address>
         <size>0x30a</size>
         <input_file_ref idref="fl-145"/>
      </object_component>
      <object_component id="oc-172">
         <name>.debug_info</name>
         <load_address>0x9f20</load_address>
         <run_address>0x9f20</run_address>
         <size>0x143</size>
         <input_file_ref idref="fl-140"/>
      </object_component>
      <object_component id="oc-174">
         <name>.debug_info</name>
         <load_address>0xa063</load_address>
         <run_address>0xa063</run_address>
         <size>0x1ba</size>
         <input_file_ref idref="fl-13d"/>
      </object_component>
      <object_component id="oc-179">
         <name>.debug_info</name>
         <load_address>0xa21d</load_address>
         <run_address>0xa21d</run_address>
         <size>0xd4</size>
         <input_file_ref idref="fl-13d"/>
      </object_component>
      <object_component id="oc-17c">
         <name>.debug_info</name>
         <load_address>0xa2f1</load_address>
         <run_address>0xa2f1</run_address>
         <size>0x131</size>
         <input_file_ref idref="fl-139"/>
      </object_component>
      <object_component id="oc-182">
         <name>.debug_info</name>
         <load_address>0xa422</load_address>
         <run_address>0xa422</run_address>
         <size>0x18b</size>
         <input_file_ref idref="fl-141"/>
      </object_component>
      <object_component id="oc-187">
         <name>.debug_info</name>
         <load_address>0xa5ad</load_address>
         <run_address>0xa5ad</run_address>
         <size>0x1c8</size>
         <input_file_ref idref="fl-141"/>
      </object_component>
      <object_component id="oc-189">
         <name>.debug_info</name>
         <load_address>0xa775</load_address>
         <run_address>0xa775</run_address>
         <size>0x129</size>
         <input_file_ref idref="fl-3"/>
      </object_component>
      <object_component id="oc-18b">
         <name>.debug_info</name>
         <load_address>0xa89e</load_address>
         <run_address>0xa89e</run_address>
         <size>0xd3</size>
         <input_file_ref idref="fl-3"/>
      </object_component>
      <object_component id="oc-18c">
         <name>.debug_info</name>
         <load_address>0xa971</load_address>
         <run_address>0xa971</run_address>
         <size>0x2e8</size>
         <input_file_ref idref="fl-3"/>
      </object_component>
      <object_component id="oc-18f">
         <name>.debug_info</name>
         <load_address>0xac59</load_address>
         <run_address>0xac59</run_address>
         <size>0x254</size>
         <input_file_ref idref="fl-3"/>
      </object_component>
      <object_component id="oc-194">
         <name>.debug_info</name>
         <load_address>0xaead</load_address>
         <run_address>0xaead</run_address>
         <size>0x139</size>
         <input_file_ref idref="fl-13c"/>
      </object_component>
      <object_component id="oc-19f">
         <name>.debug_info</name>
         <load_address>0xafe6</load_address>
         <run_address>0xafe6</run_address>
         <size>0x2a5</size>
         <input_file_ref idref="fl-146"/>
      </object_component>
      <object_component id="oc-1a4">
         <name>.debug_info</name>
         <load_address>0xb28b</load_address>
         <run_address>0xb28b</run_address>
         <size>0x262</size>
         <input_file_ref idref="fl-146"/>
      </object_component>
      <object_component id="oc-1a9">
         <name>.debug_info</name>
         <load_address>0xb4ed</load_address>
         <run_address>0xb4ed</run_address>
         <size>0x230</size>
         <input_file_ref idref="fl-146"/>
      </object_component>
      <object_component id="oc-1ae">
         <name>.debug_info</name>
         <load_address>0xb71d</load_address>
         <run_address>0xb71d</run_address>
         <size>0x7a6</size>
         <input_file_ref idref="fl-146"/>
      </object_component>
      <object_component id="oc-1b3">
         <name>.debug_info</name>
         <load_address>0xbec3</load_address>
         <run_address>0xbec3</run_address>
         <size>0x90</size>
         <input_file_ref idref="fl-145"/>
      </object_component>
      <object_component id="oc-1b9">
         <name>.debug_info</name>
         <load_address>0xbf53</load_address>
         <run_address>0xbf53</run_address>
         <size>0x215</size>
         <input_file_ref idref="fl-14a"/>
      </object_component>
      <object_component id="oc-1c4">
         <name>.debug_info</name>
         <load_address>0xc168</load_address>
         <run_address>0xc168</run_address>
         <size>0x1b8</size>
         <input_file_ref idref="fl-146"/>
      </object_component>
      <object_component id="oc-1cb">
         <name>.debug_info</name>
         <load_address>0xc320</load_address>
         <run_address>0xc320</run_address>
         <size>0x6bd</size>
         <input_file_ref idref="fl-146"/>
      </object_component>
      <object_component id="oc-1d3">
         <name>.debug_info</name>
         <load_address>0xc9dd</load_address>
         <run_address>0xc9dd</run_address>
         <size>0x310</size>
         <input_file_ref idref="fl-148"/>
      </object_component>
      <object_component id="oc-1d6">
         <name>.debug_info</name>
         <load_address>0xcced</load_address>
         <run_address>0xcced</run_address>
         <size>0x37f</size>
         <input_file_ref idref="fl-2"/>
      </object_component>
      <object_component id="oc-1e6">
         <name>.debug_info</name>
         <load_address>0xd06c</load_address>
         <run_address>0xd06c</run_address>
         <size>0x6bd</size>
         <input_file_ref idref="fl-145"/>
      </object_component>
      <object_component id="oc-1ed">
         <name>.debug_info</name>
         <load_address>0xd729</load_address>
         <run_address>0xd729</run_address>
         <size>0xcd</size>
         <input_file_ref idref="fl-140"/>
      </object_component>
      <object_component id="oc-1f7">
         <name>.debug_info</name>
         <load_address>0xd7f6</load_address>
         <run_address>0xd7f6</run_address>
         <size>0x90</size>
         <input_file_ref idref="fl-141"/>
      </object_component>
      <object_component id="oc-20d">
         <name>.debug_info</name>
         <load_address>0xd886</load_address>
         <run_address>0xd886</run_address>
         <size>0x30f</size>
         <input_file_ref idref="fl-146"/>
      </object_component>
      <object_component id="oc-212">
         <name>.debug_info</name>
         <load_address>0xdb95</load_address>
         <run_address>0xdb95</run_address>
         <size>0x2af</size>
         <input_file_ref idref="fl-146"/>
      </object_component>
      <object_component id="oc-219">
         <name>.debug_info</name>
         <load_address>0xde44</load_address>
         <run_address>0xde44</run_address>
         <size>0x374</size>
         <input_file_ref idref="fl-14a"/>
      </object_component>
      <object_component id="oc-241">
         <name>.debug_info</name>
         <load_address>0xe1b8</load_address>
         <run_address>0xe1b8</run_address>
         <size>0x82</size>
      </object_component>
      <object_component id="oc-12">
         <name>.debug_line</name>
         <load_address>0x0</load_address>
         <run_address>0x0</run_address>
         <size>0x4f</size>
         <input_file_ref idref="fl-135"/>
      </object_component>
      <object_component id="oc-16">
         <name>.debug_line</name>
         <load_address>0x4f</load_address>
         <run_address>0x4f</run_address>
         <size>0x4d</size>
         <input_file_ref idref="fl-136"/>
      </object_component>
      <object_component id="oc-1a">
         <name>.debug_line</name>
         <load_address>0x9c</load_address>
         <run_address>0x9c</run_address>
         <size>0x4c</size>
         <input_file_ref idref="fl-138"/>
      </object_component>
      <object_component id="oc-1e">
         <name>.debug_line</name>
         <load_address>0xe8</load_address>
         <run_address>0xe8</run_address>
         <size>0x4c</size>
         <input_file_ref idref="fl-137"/>
      </object_component>
      <object_component id="oc-22">
         <name>.debug_line</name>
         <load_address>0x134</load_address>
         <run_address>0x134</run_address>
         <size>0xae</size>
         <input_file_ref idref="fl-4"/>
      </object_component>
      <object_component id="oc-26">
         <name>.debug_line</name>
         <load_address>0x1e2</load_address>
         <run_address>0x1e2</run_address>
         <size>0xe5</size>
         <input_file_ref idref="fl-6"/>
      </object_component>
      <object_component id="oc-2c">
         <name>.debug_line</name>
         <load_address>0x2c7</load_address>
         <run_address>0x2c7</run_address>
         <size>0x46</size>
         <input_file_ref idref="fl-5"/>
      </object_component>
      <object_component id="oc-31">
         <name>.debug_line</name>
         <load_address>0x30d</load_address>
         <run_address>0x30d</run_address>
         <size>0x49</size>
         <input_file_ref idref="fl-5"/>
      </object_component>
      <object_component id="oc-36">
         <name>.debug_line</name>
         <load_address>0x356</load_address>
         <run_address>0x356</run_address>
         <size>0x49</size>
         <input_file_ref idref="fl-5"/>
      </object_component>
      <object_component id="oc-3b">
         <name>.debug_line</name>
         <load_address>0x39f</load_address>
         <run_address>0x39f</run_address>
         <size>0x49</size>
         <input_file_ref idref="fl-5"/>
      </object_component>
      <object_component id="oc-3f">
         <name>.debug_line</name>
         <load_address>0x3e8</load_address>
         <run_address>0x3e8</run_address>
         <size>0x34</size>
         <input_file_ref idref="fl-5"/>
      </object_component>
      <object_component id="oc-43">
         <name>.debug_line</name>
         <load_address>0x41c</load_address>
         <run_address>0x41c</run_address>
         <size>0x87</size>
         <input_file_ref idref="fl-13f"/>
      </object_component>
      <object_component id="oc-47">
         <name>.debug_line</name>
         <load_address>0x4a3</load_address>
         <run_address>0x4a3</run_address>
         <size>0x42</size>
         <input_file_ref idref="fl-13e"/>
      </object_component>
      <object_component id="oc-4b">
         <name>.debug_line</name>
         <load_address>0x4e5</load_address>
         <run_address>0x4e5</run_address>
         <size>0x71</size>
         <input_file_ref idref="fl-139"/>
      </object_component>
      <object_component id="oc-52">
         <name>.debug_line</name>
         <load_address>0x556</load_address>
         <run_address>0x556</run_address>
         <size>0x88</size>
         <input_file_ref idref="fl-13a"/>
      </object_component>
      <object_component id="oc-57">
         <name>.debug_line</name>
         <load_address>0x5de</load_address>
         <run_address>0x5de</run_address>
         <size>0x3a</size>
         <input_file_ref idref="fl-136"/>
      </object_component>
      <object_component id="oc-5d">
         <name>.debug_line</name>
         <load_address>0x618</load_address>
         <run_address>0x618</run_address>
         <size>0x34</size>
         <input_file_ref idref="fl-138"/>
      </object_component>
      <object_component id="oc-62">
         <name>.debug_line</name>
         <load_address>0x64c</load_address>
         <run_address>0x64c</run_address>
         <size>0x58</size>
         <input_file_ref idref="fl-137"/>
      </object_component>
      <object_component id="oc-68">
         <name>.debug_line</name>
         <load_address>0x6a4</load_address>
         <run_address>0x6a4</run_address>
         <size>0x39</size>
         <input_file_ref idref="fl-137"/>
      </object_component>
      <object_component id="oc-6e">
         <name>.debug_line</name>
         <load_address>0x6dd</load_address>
         <run_address>0x6dd</run_address>
         <size>0x49</size>
         <input_file_ref idref="fl-6"/>
      </object_component>
      <object_component id="oc-73">
         <name>.debug_line</name>
         <load_address>0x726</load_address>
         <run_address>0x726</run_address>
         <size>0x68</size>
         <input_file_ref idref="fl-3"/>
      </object_component>
      <object_component id="oc-78">
         <name>.debug_line</name>
         <load_address>0x78e</load_address>
         <run_address>0x78e</run_address>
         <size>0xcf</size>
         <input_file_ref idref="fl-2"/>
      </object_component>
      <object_component id="oc-7d">
         <name>.debug_line</name>
         <load_address>0x85d</load_address>
         <run_address>0x85d</run_address>
         <size>0x84</size>
         <input_file_ref idref="fl-149"/>
      </object_component>
      <object_component id="oc-82">
         <name>.debug_line</name>
         <load_address>0x8e1</load_address>
         <run_address>0x8e1</run_address>
         <size>0x6a</size>
         <input_file_ref idref="fl-146"/>
      </object_component>
      <object_component id="oc-87">
         <name>.debug_line</name>
         <load_address>0x94b</load_address>
         <run_address>0x94b</run_address>
         <size>0x40</size>
         <input_file_ref idref="fl-6"/>
      </object_component>
      <object_component id="oc-8c">
         <name>.debug_line</name>
         <load_address>0x98b</load_address>
         <run_address>0x98b</run_address>
         <size>0x46</size>
         <input_file_ref idref="fl-6"/>
      </object_component>
      <object_component id="oc-91">
         <name>.debug_line</name>
         <load_address>0x9d1</load_address>
         <run_address>0x9d1</run_address>
         <size>0x69</size>
         <input_file_ref idref="fl-146"/>
      </object_component>
      <object_component id="oc-96">
         <name>.debug_line</name>
         <load_address>0xa3a</load_address>
         <run_address>0xa3a</run_address>
         <size>0x9b</size>
         <input_file_ref idref="fl-147"/>
      </object_component>
      <object_component id="oc-9b">
         <name>.debug_line</name>
         <load_address>0xad5</load_address>
         <run_address>0xad5</run_address>
         <size>0x78</size>
         <input_file_ref idref="fl-147"/>
      </object_component>
      <object_component id="oc-a8">
         <name>.debug_line</name>
         <load_address>0xb4d</load_address>
         <run_address>0xb4d</run_address>
         <size>0x20</size>
         <input_file_ref idref="fl-2"/>
      </object_component>
      <object_component id="oc-ad">
         <name>.debug_line</name>
         <load_address>0xb6d</load_address>
         <run_address>0xb6d</run_address>
         <size>0x4d</size>
         <input_file_ref idref="fl-6"/>
      </object_component>
      <object_component id="oc-b6">
         <name>.debug_line</name>
         <load_address>0xbba</load_address>
         <run_address>0xbba</run_address>
         <size>0x34</size>
         <input_file_ref idref="fl-5"/>
      </object_component>
      <object_component id="oc-b9">
         <name>.debug_line</name>
         <load_address>0xbee</load_address>
         <run_address>0xbee</run_address>
         <size>0x20</size>
         <input_file_ref idref="fl-5"/>
      </object_component>
      <object_component id="oc-be">
         <name>.debug_line</name>
         <load_address>0xc0e</load_address>
         <run_address>0xc0e</run_address>
         <size>0x59</size>
         <input_file_ref idref="fl-2"/>
      </object_component>
      <object_component id="oc-c3">
         <name>.debug_line</name>
         <load_address>0xc67</load_address>
         <run_address>0xc67</run_address>
         <size>0x43</size>
         <input_file_ref idref="fl-140"/>
      </object_component>
      <object_component id="oc-c9">
         <name>.debug_line</name>
         <load_address>0xcaa</load_address>
         <run_address>0xcaa</run_address>
         <size>0x20</size>
         <input_file_ref idref="fl-13e"/>
      </object_component>
      <object_component id="oc-d3">
         <name>.debug_line</name>
         <load_address>0xcca</load_address>
         <run_address>0xcca</run_address>
         <size>0x20</size>
         <input_file_ref idref="fl-136"/>
      </object_component>
      <object_component id="oc-d7">
         <name>.debug_line</name>
         <load_address>0xcea</load_address>
         <run_address>0xcea</run_address>
         <size>0x33</size>
         <input_file_ref idref="fl-13b"/>
      </object_component>
      <object_component id="oc-da">
         <name>.debug_line</name>
         <load_address>0xd1d</load_address>
         <run_address>0xd1d</run_address>
         <size>0x20</size>
         <input_file_ref idref="fl-13b"/>
      </object_component>
      <object_component id="oc-e0">
         <name>.debug_line</name>
         <load_address>0xd3d</load_address>
         <run_address>0xd3d</run_address>
         <size>0x44</size>
         <input_file_ref idref="fl-136"/>
      </object_component>
      <object_component id="oc-e6">
         <name>.debug_line</name>
         <load_address>0xd81</load_address>
         <run_address>0xd81</run_address>
         <size>0x44</size>
         <input_file_ref idref="fl-137"/>
      </object_component>
      <object_component id="oc-ed">
         <name>.debug_line</name>
         <load_address>0xdc5</load_address>
         <run_address>0xdc5</run_address>
         <size>0x20</size>
         <input_file_ref idref="fl-137"/>
      </object_component>
      <object_component id="oc-f1">
         <name>.debug_line</name>
         <load_address>0xde5</load_address>
         <run_address>0xde5</run_address>
         <size>0x20</size>
         <input_file_ref idref="fl-137"/>
      </object_component>
      <object_component id="oc-f4">
         <name>.debug_line</name>
         <load_address>0xe05</load_address>
         <run_address>0xe05</run_address>
         <size>0x6b</size>
         <input_file_ref idref="fl-141"/>
      </object_component>
      <object_component id="oc-f9">
         <name>.debug_line</name>
         <load_address>0xe70</load_address>
         <run_address>0xe70</run_address>
         <size>0x7e</size>
         <input_file_ref idref="fl-3"/>
      </object_component>
      <object_component id="oc-ff">
         <name>.debug_line</name>
         <load_address>0xeee</load_address>
         <run_address>0xeee</run_address>
         <size>0x1d3</size>
         <input_file_ref idref="fl-3"/>
      </object_component>
      <object_component id="oc-106">
         <name>.debug_line</name>
         <load_address>0x10c1</load_address>
         <run_address>0x10c1</run_address>
         <size>0x59</size>
         <input_file_ref idref="fl-2"/>
      </object_component>
      <object_component id="oc-10b">
         <name>.debug_line</name>
         <load_address>0x111a</load_address>
         <run_address>0x111a</run_address>
         <size>0x99</size>
         <input_file_ref idref="fl-2"/>
      </object_component>
      <object_component id="oc-110">
         <name>.debug_line</name>
         <load_address>0x11b3</load_address>
         <run_address>0x11b3</run_address>
         <size>0x97</size>
         <input_file_ref idref="fl-2"/>
      </object_component>
      <object_component id="oc-118">
         <name>.debug_line</name>
         <load_address>0x124a</load_address>
         <run_address>0x124a</run_address>
         <size>0x4d</size>
         <input_file_ref idref="fl-2"/>
      </object_component>
      <object_component id="oc-11d">
         <name>.debug_line</name>
         <load_address>0x1297</load_address>
         <run_address>0x1297</run_address>
         <size>0xab</size>
         <input_file_ref idref="fl-146"/>
      </object_component>
      <object_component id="oc-128">
         <name>.debug_line</name>
         <load_address>0x1342</load_address>
         <run_address>0x1342</run_address>
         <size>0x8b</size>
         <input_file_ref idref="fl-146"/>
      </object_component>
      <object_component id="oc-132">
         <name>.debug_line</name>
         <load_address>0x13cd</load_address>
         <run_address>0x13cd</run_address>
         <size>0x5e</size>
         <input_file_ref idref="fl-145"/>
      </object_component>
      <object_component id="oc-139">
         <name>.debug_line</name>
         <load_address>0x142b</load_address>
         <run_address>0x142b</run_address>
         <size>0x53</size>
         <input_file_ref idref="fl-147"/>
      </object_component>
      <object_component id="oc-13e">
         <name>.debug_line</name>
         <load_address>0x147e</load_address>
         <run_address>0x147e</run_address>
         <size>0x7c</size>
         <input_file_ref idref="fl-148"/>
      </object_component>
      <object_component id="oc-143">
         <name>.debug_line</name>
         <load_address>0x14fa</load_address>
         <run_address>0x14fa</run_address>
         <size>0x7d</size>
         <input_file_ref idref="fl-148"/>
      </object_component>
      <object_component id="oc-149">
         <name>.debug_line</name>
         <load_address>0x1577</load_address>
         <run_address>0x1577</run_address>
         <size>0x95</size>
         <input_file_ref idref="fl-2"/>
      </object_component>
      <object_component id="oc-14e">
         <name>.debug_line</name>
         <load_address>0x160c</load_address>
         <run_address>0x160c</run_address>
         <size>0x129</size>
         <input_file_ref idref="fl-2"/>
      </object_component>
      <object_component id="oc-153">
         <name>.debug_line</name>
         <load_address>0x1735</load_address>
         <run_address>0x1735</run_address>
         <size>0xa4</size>
         <input_file_ref idref="fl-2"/>
      </object_component>
      <object_component id="oc-158">
         <name>.debug_line</name>
         <load_address>0x17d9</load_address>
         <run_address>0x17d9</run_address>
         <size>0xb5</size>
         <input_file_ref idref="fl-2"/>
      </object_component>
      <object_component id="oc-15d">
         <name>.debug_line</name>
         <load_address>0x188e</load_address>
         <run_address>0x188e</run_address>
         <size>0x87</size>
         <input_file_ref idref="fl-2"/>
      </object_component>
      <object_component id="oc-162">
         <name>.debug_line</name>
         <load_address>0x1915</load_address>
         <run_address>0x1915</run_address>
         <size>0x84</size>
         <input_file_ref idref="fl-2"/>
      </object_component>
      <object_component id="oc-166">
         <name>.debug_line</name>
         <load_address>0x1999</load_address>
         <run_address>0x1999</run_address>
         <size>0x72</size>
         <input_file_ref idref="fl-2"/>
      </object_component>
      <object_component id="oc-16b">
         <name>.debug_line</name>
         <load_address>0x1a0b</load_address>
         <run_address>0x1a0b</run_address>
         <size>0x5c</size>
         <input_file_ref idref="fl-145"/>
      </object_component>
      <object_component id="oc-16e">
         <name>.debug_line</name>
         <load_address>0x1a67</load_address>
         <run_address>0x1a67</run_address>
         <size>0x2e</size>
         <input_file_ref idref="fl-6"/>
      </object_component>
      <object_component id="oc-170">
         <name>.debug_line</name>
         <load_address>0x1a95</load_address>
         <run_address>0x1a95</run_address>
         <size>0x140</size>
         <input_file_ref idref="fl-6"/>
      </object_component>
      <object_component id="oc-175">
         <name>.debug_line</name>
         <load_address>0x1bd5</load_address>
         <run_address>0x1bd5</run_address>
         <size>0x60</size>
         <input_file_ref idref="fl-13d"/>
      </object_component>
      <object_component id="oc-178">
         <name>.debug_line</name>
         <load_address>0x1c35</load_address>
         <run_address>0x1c35</run_address>
         <size>0x2b</size>
         <input_file_ref idref="fl-13d"/>
      </object_component>
      <object_component id="oc-17b">
         <name>.debug_line</name>
         <load_address>0x1c60</load_address>
         <run_address>0x1c60</run_address>
         <size>0x2a</size>
         <input_file_ref idref="fl-139"/>
      </object_component>
      <object_component id="oc-17e">
         <name>.debug_line</name>
         <load_address>0x1c8a</load_address>
         <run_address>0x1c8a</run_address>
         <size>0x20</size>
         <input_file_ref idref="fl-136"/>
      </object_component>
      <object_component id="oc-180">
         <name>.debug_line</name>
         <load_address>0x1caa</load_address>
         <run_address>0x1caa</run_address>
         <size>0x20</size>
         <input_file_ref idref="fl-138"/>
      </object_component>
      <object_component id="oc-184">
         <name>.debug_line</name>
         <load_address>0x1cca</load_address>
         <run_address>0x1cca</run_address>
         <size>0x5e</size>
         <input_file_ref idref="fl-141"/>
      </object_component>
      <object_component id="oc-190">
         <name>.debug_line</name>
         <load_address>0x1d28</load_address>
         <run_address>0x1d28</run_address>
         <size>0x8c</size>
         <input_file_ref idref="fl-3"/>
      </object_component>
      <object_component id="oc-195">
         <name>.debug_line</name>
         <load_address>0x1db4</load_address>
         <run_address>0x1db4</run_address>
         <size>0x6c</size>
         <input_file_ref idref="fl-13c"/>
      </object_component>
      <object_component id="oc-199">
         <name>.debug_line</name>
         <load_address>0x1e20</load_address>
         <run_address>0x1e20</run_address>
         <size>0x20</size>
         <input_file_ref idref="fl-3"/>
      </object_component>
      <object_component id="oc-19d">
         <name>.debug_line</name>
         <load_address>0x1e40</load_address>
         <run_address>0x1e40</run_address>
         <size>0x72</size>
         <input_file_ref idref="fl-2"/>
      </object_component>
      <object_component id="oc-1a0">
         <name>.debug_line</name>
         <load_address>0x1eb2</load_address>
         <run_address>0x1eb2</run_address>
         <size>0x76</size>
         <input_file_ref idref="fl-146"/>
      </object_component>
      <object_component id="oc-1a5">
         <name>.debug_line</name>
         <load_address>0x1f28</load_address>
         <run_address>0x1f28</run_address>
         <size>0x74</size>
         <input_file_ref idref="fl-146"/>
      </object_component>
      <object_component id="oc-1aa">
         <name>.debug_line</name>
         <load_address>0x1f9c</load_address>
         <run_address>0x1f9c</run_address>
         <size>0x6b</size>
         <input_file_ref idref="fl-146"/>
      </object_component>
      <object_component id="oc-1af">
         <name>.debug_line</name>
         <load_address>0x2007</load_address>
         <run_address>0x2007</run_address>
         <size>0x1f0</size>
         <input_file_ref idref="fl-146"/>
      </object_component>
      <object_component id="oc-1b5">
         <name>.debug_line</name>
         <load_address>0x21f7</load_address>
         <run_address>0x21f7</run_address>
         <size>0x20</size>
         <input_file_ref idref="fl-145"/>
      </object_component>
      <object_component id="oc-1ba">
         <name>.debug_line</name>
         <load_address>0x2217</load_address>
         <run_address>0x2217</run_address>
         <size>0x6b</size>
         <input_file_ref idref="fl-14a"/>
      </object_component>
      <object_component id="oc-1be">
         <name>.debug_line</name>
         <load_address>0x2282</load_address>
         <run_address>0x2282</run_address>
         <size>0x55</size>
         <input_file_ref idref="fl-149"/>
      </object_component>
      <object_component id="oc-1c0">
         <name>.debug_line</name>
         <load_address>0x22d7</load_address>
         <run_address>0x22d7</run_address>
         <size>0x55</size>
         <input_file_ref idref="fl-149"/>
      </object_component>
      <object_component id="oc-1c2">
         <name>.debug_line</name>
         <load_address>0x232c</load_address>
         <run_address>0x232c</run_address>
         <size>0x53</size>
         <input_file_ref idref="fl-149"/>
      </object_component>
      <object_component id="oc-1c5">
         <name>.debug_line</name>
         <load_address>0x237f</load_address>
         <run_address>0x237f</run_address>
         <size>0x73</size>
         <input_file_ref idref="fl-146"/>
      </object_component>
      <object_component id="oc-1ca">
         <name>.debug_line</name>
         <load_address>0x23f2</load_address>
         <run_address>0x23f2</run_address>
         <size>0x20</size>
         <input_file_ref idref="fl-146"/>
      </object_component>
      <object_component id="oc-1cd">
         <name>.debug_line</name>
         <load_address>0x2412</load_address>
         <run_address>0x2412</run_address>
         <size>0x53</size>
         <input_file_ref idref="fl-146"/>
      </object_component>
      <object_component id="oc-1d1">
         <name>.debug_line</name>
         <load_address>0x2465</load_address>
         <run_address>0x2465</run_address>
         <size>0x53</size>
         <input_file_ref idref="fl-147"/>
      </object_component>
      <object_component id="oc-1d7">
         <name>.debug_line</name>
         <load_address>0x24b8</load_address>
         <run_address>0x24b8</run_address>
         <size>0x95</size>
         <input_file_ref idref="fl-2"/>
      </object_component>
      <object_component id="oc-1e1">
         <name>.debug_line</name>
         <load_address>0x254d</load_address>
         <run_address>0x254d</run_address>
         <size>0x20</size>
         <input_file_ref idref="fl-2"/>
      </object_component>
      <object_component id="oc-1e3">
         <name>.debug_line</name>
         <load_address>0x256d</load_address>
         <run_address>0x256d</run_address>
         <size>0x5c</size>
         <input_file_ref idref="fl-145"/>
      </object_component>
      <object_component id="oc-1e5">
         <name>.debug_line</name>
         <load_address>0x25c9</load_address>
         <run_address>0x25c9</run_address>
         <size>0x20</size>
         <input_file_ref idref="fl-145"/>
      </object_component>
      <object_component id="oc-1e8">
         <name>.debug_line</name>
         <load_address>0x25e9</load_address>
         <run_address>0x25e9</run_address>
         <size>0x53</size>
         <input_file_ref idref="fl-145"/>
      </object_component>
      <object_component id="oc-1ec">
         <name>.debug_line</name>
         <load_address>0x263c</load_address>
         <run_address>0x263c</run_address>
         <size>0x51</size>
         <input_file_ref idref="fl-140"/>
      </object_component>
      <object_component id="oc-1ef">
         <name>.debug_line</name>
         <load_address>0x268d</load_address>
         <run_address>0x268d</run_address>
         <size>0x45</size>
         <input_file_ref idref="fl-140"/>
      </object_component>
      <object_component id="oc-1f4">
         <name>.debug_line</name>
         <load_address>0x26d2</load_address>
         <run_address>0x26d2</run_address>
         <size>0x20</size>
         <input_file_ref idref="fl-13d"/>
      </object_component>
      <object_component id="oc-1f6">
         <name>.debug_line</name>
         <load_address>0x26f2</load_address>
         <run_address>0x26f2</run_address>
         <size>0x43</size>
[...]
            <object_component_ref idref="oc-1fc"/>
            <object_component_ref idref="oc-1ff"/>
            <object_component_ref idref="oc-201"/>
            <object_component_ref idref="oc-203"/>
            <object_component_ref idref="oc-208"/>
            <object_component_ref idref="oc-209"/>
            <object_component_ref idref="oc-20a"/>
            <object_component_ref idref="oc-20b"/>
            <object_component_ref idref="oc-216"/>
            <object_component_ref idref="oc-217"/>
            <object_component_ref idref="oc-218"/>
            <object_component_ref idref="oc-21a"/>
            <object_component_ref idref="oc-21b"/>
            <object_component_ref idref="oc-21d"/>
            <object_component_ref idref="oc-21e"/>
            <object_component_ref idref="oc-21f"/>
            <object_component_ref idref="oc-220"/>
            <object_component_ref idref="oc-242"/>
         </contents>
      </logical_group>
      <logical_group id="lg-238">
         <name>.debug_str</name>
         <load_address>0x0</load_address>
         <run_address>0x0</run_address>
         <size>0x2732</size>
         <contents>
            <object_component_ref idref="oc-58"/>
            <object_component_ref idref="oc-5e"/>
            <object_component_ref idref="oc-69"/>
            <object_component_ref idref="oc-a9"/>
            <object_component_ref idref="oc-ae"/>
            <object_component_ref idref="oc-ba"/>
            <object_component_ref idref="oc-bf"/>
            <object_component_ref idref="oc-ca"/>
            <object_component_ref idref="oc-d4"/>
            <object_component_ref idref="oc-db"/>
            <object_component_ref idref="oc-e1"/>
            <object_component_ref idref="oc-e7"/>
            <object_component_ref idref="oc-ee"/>
            <object_component_ref idref="oc-107"/>
            <object_component_ref idref="oc-119"/>
            <object_component_ref idref="oc-133"/>
            <object_component_ref idref="oc-13a"/>
            <object_component_ref idref="oc-185"/>
            <object_component_ref idref="oc-1b6"/>
            <object_component_ref idref="oc-1ce"/>
            <object_component_ref idref="oc-1e9"/>
            <object_component_ref idref="oc-1f0"/>
            <object_component_ref idref="oc-1fa"/>
         </contents>
      </logical_group>
      <logical_group id="lg-23a">
         <name>.debug_pubtypes</name>
         <load_address>0x0</load_address>
         <run_address>0x0</run_address>
         <size>0x1333</size>
         <contents>
            <object_component_ref idref="oc-59"/>
            <object_component_ref idref="oc-5f"/>
            <object_component_ref idref="oc-6a"/>
            <object_component_ref idref="oc-aa"/>
            <object_component_ref idref="oc-af"/>
            <object_component_ref idref="oc-bb"/>
            <object_component_ref idref="oc-c0"/>
            <object_component_ref idref="oc-cb"/>
            <object_component_ref idref="oc-d5"/>
            <object_component_ref idref="oc-dc"/>
            <object_component_ref idref="oc-e2"/>
            <object_component_ref idref="oc-e8"/>
            <object_component_ref idref="oc-ef"/>
            <object_component_ref idref="oc-108"/>
            <object_component_ref idref="oc-11a"/>
            <object_component_ref idref="oc-134"/>
            <object_component_ref idref="oc-13b"/>
            <object_component_ref idref="oc-186"/>
            <object_component_ref idref="oc-1b7"/>
            <object_component_ref idref="oc-1cf"/>
            <object_component_ref idref="oc-1ea"/>
            <object_component_ref idref="oc-1f1"/>
            <object_component_ref idref="oc-1fb"/>
         </contents>
      </logical_group>
      <load_segment id="lg-248">
         <name>SEGMENT_0</name>
         <load_address>0x0</load_address>
         <run_address>0x0</run_address>
         <size>0x1ed0</size>
         <flags>0x5</flags>
         <contents>
            <logical_group_ref idref="lg-3"/>
            <logical_group_ref idref="lg-4"/>
            <logical_group_ref idref="lg-5"/>
            <logical_group_ref idref="lg-6"/>
         </contents>
      </load_segment>
      <load_segment id="lg-249">
         <name>SEGMENT_1</name>
         <run_address>0x20000000</run_address>
         <size>0x200</size>
         <flags>0x6</flags>
         <contents>
            <logical_group_ref idref="lg-d"/>
         </contents>
      </load_segment>
      <load_segment id="lg-24a">
         <name>SEGMENT_2</name>
         <load_address>0x20000200</load_address>
         <run_address>0x20000200</run_address>
         <size>0x34</size>
         <flags>0x6</flags>
         <contents>
            <logical_group_ref idref="lg-a"/>
            <logical_group_ref idref="lg-b"/>
         </contents>
      </load_segment>
   </logical_group_list>
   <placement_map>
      <memory_area>
         <name>FLASH</name>
         <page_id>0x0</page_id>
         <origin>0x0</origin>
         <length>0x40000</length>
         <used_space>0x1ecc</used_space>
         <unused_space>0x3e134</unused_space>
         <attributes>RX</attributes>
         <usage_details>
            <allocated_space>
               <start_address>0x0</start_address>
               <size>0x26c</size>
               <logical_group_ref idref="lg-3"/>
            </allocated_space>
            <allocated_space>
               <start_address>0x26c</start_address>
               <size>0x1584</size>
               <logical_group_ref idref="lg-4"/>
            </allocated_space>
            <allocated_space>
               <start_address>0x17f0</start_address>
               <size>0x694</size>
               <logical_group_ref idref="lg-5"/>
            </allocated_space>
            <available_space>
               <start_address>0x1e84</start_address>
               <size>0x4</size>
            </available_space>
            <allocated_space>
               <start_address>0x1e88</start_address>
               <size>0x48</size>
               <logical_group_ref idref="lg-6"/>
            </allocated_space>
            <available_space>
               <start_address>0x1ed0</start_address>
               <size>0x3e130</size>
            </available_space>
         </usage_details>
      </memory_area>
      <memory_area>
         <name>SRAM</name>
         <page_id>0x0</page_id>
         <origin>0x20000000</origin>
         <length>0x8000</length>
         <used_space>0x234</used_space>
         <unused_space>0x7dcc</unused_space>
         <attributes>RWX</attributes>
         <usage_details>
            <allocated_space>
               <start_address>0x20000000</start_address>
               <size>0x200</size>
               <logical_group_ref idref="lg-d"/>
            </allocated_space>
            <allocated_space>
               <start_address>0x20000200</start_address>
               <size>0x30</size>
               <logical_group_ref idref="lg-a"/>
            </allocated_space>
            <allocated_space>
               <start_address>0x20000230</start_address>
               <size>0x4</size>
               <logical_group_ref idref="lg-b"/>
            </allocated_space>
            <available_space>
               <start_address>0x20000234</start_address>
               <size>0x7dcc</size>
            </available_space>
         </usage_details>
      </memory_area>
   </placement_map>
   <cptbl_list>
      <cptbl>
         <name>__TI_cinit_table</name>
         <cprec>
            <name>.data</name>
            <load_address>0x1e88</load_address>
            <load_size>0x23</load_size>
            <run_address>0x20000200</run_address>
            <run_size>0x30</run_size>
            <compression>rle</compression>
         </cprec>
         <cprec>
            <name>.bss</name>
            <load_address>0x1eb8</load_address>
            <load_size>0x8</load_size>
            <run_address>0x20000230</run_address>
            <run_size>0x4</run_size>
            <compression>zero_init</compression>
         </cprec>
      </cptbl>
   </cptbl_list>
   <handler_table>
      <handler_table_name>__TI_handler_table</handler_table_name>
      <handler>
         <index>0x0</index>
         <name>__TI_decompress_rle24</name>
      </handler>
      <handler>
         <index>0x1</index>
         <name>__TI_decompress_none</name>
      </handler>
      <handler>
         <index>0x2</index>
         <name>__TI_zero_init</name>
      </handler>
   </handler_table>
   <symbol_table>
      <symbol id="sm-1">
         <name>__STACK_TOP</name>
         <value>0x20000200</value>
      </symbol>
      <symbol id="sm-2">
         <name>__TI_CINIT_Base</name>
         <value>0x1ec0</value>
      </symbol>
      <symbol id="sm-3">
         <name>__TI_CINIT_Limit</name>
         <value>0x1ed0</value>
      </symbol>
      <symbol id="sm-4">
         <name>__TI_Handler_Table_Base</name>
         <value>0x1eac</value>
      </symbol>
      <symbol id="sm-5">
         <name>__TI_Handler_Table_Limit</name>
         <value>0x1eb8</value>
      </symbol>
      <symbol id="sm-6">
         <name>binit</name>
         <value>0xffffffff</value>
      </symbol>
      <symbol id="sm-7">
         <name>__binit__</name>
         <value>0xffffffff</value>
      </symbol>
      <symbol id="sm-8">
         <name>__STACK_SIZE</name>
         <value>0x200</value>
      </symbol>
      <symbol id="sm-9">
         <name>__STACK_END</name>
         <value>0x20000200</value>
      </symbol>
      <symbol id="sm-a">
         <name>__c_args__</name>
         <value>0xffffffff</value>
      </symbol>
      <symbol id="sm-e3">
         <name>g_sCFAL96x64x16</name>
         <value>0x1e18</value>
         <object_component_ref idref="oc-9f"/>
      </symbol>
      <symbol id="sm-e4">
         <name>CFAL96x64x16Init</name>
         <value>0x8a1</value>
         <object_component_ref idref="oc-76"/>
      </symbol>
      <symbol id="sm-1e5">
         <name>UARTgets</name>
         <value>0xdf5</value>
         <object_component_ref idref="oc-205"/>
      </symbol>
      <symbol id="sm-1e6">
         <name>UARTStdioConfig</name>
         <value>0x12f1</value>
         <object_component_ref idref="oc-f7"/>
      </symbol>
      <symbol id="sm-1e7">
         <name>UARTwrite</name>
         <value>0x142d</value>
         <object_component_ref idref="oc-18e"/>
      </symbol>
      <symbol id="sm-1e8">
         <name>UARTprintf</name>
         <value>0x1737</value>
         <object_component_ref idref="oc-71"/>
      </symbol>
      <symbol id="sm-1e9">
         <name>UARTvprintf</name>
         <value>0x4d5</value>
         <object_component_ref idref="oc-fd"/>
      </symbol>
      <symbol id="sm-1f7">
         <name>Switch_Init</name>
         <value>0xa01</value>
         <object_component_ref idref="oc-20"/>
      </symbol>
      <symbol id="sm-1f8">
         <name>num_1</name>
         <value>0xb49</value>
         <object_component_ref idref="oc-20"/>
      </symbol>
      <symbol id="sm-1f9">
         <name>num_3</name>
         <value>0xb4d</value>
         <object_component_ref idref="oc-20"/>
      </symbol>
      <symbol id="sm-1fa">
         <name>Switch_Input</name>
         <value>0xb0f</value>
         <object_component_ref idref="oc-20"/>
      </symbol>
      <symbol id="sm-231">
         <name>ResetISR</name>
         <value>0x17d5</value>
         <object_component_ref idref="oc-2a"/>
      </symbol>
      <symbol id="sm-232">
         <name>g_pfnVectors</name>
         <value>0x0</value>
         <object_component_ref idref="oc-e"/>
      </symbol>
      <symbol id="sm-294">
         <name>main</name>
         <value>0x6c1</value>
         <object_component_ref idref="oc-24"/>
      </symbol>
      <symbol id="sm-295">
         <name>ConfigureUART</name>
         <value>0x1239</value>
         <object_component_ref idref="oc-6c"/>
      </symbol>
      <symbol id="sm-296">
         <name>stringDraw</name>
         <value>0x10a5</value>
         <object_component_ref idref="oc-8a"/>
      </symbol>
      <symbol id="sm-297">
         <name>intTochar</name>
         <value>0x17ed</value>
         <object_component_ref idref="oc-85"/>
      </symbol>
      <symbol id="sm-2a6">
         <name>_c_int00</name>
         <value>0x1475</value>
         <object_component_ref idref="oc-10"/>
      </symbol>
      <symbol id="sm-2a7">
         <name>__stack</name>
         <value>0x20000000</value>
         <object_component_ref idref="oc-29"/>
      </symbol>
      <symbol id="sm-2c1">
         <name>__TI_decompress_none</name>
         <value>0x17b9</value>
         <object_component_ref idref="oc-14"/>
      </symbol>
      <symbol id="sm-2eb">
         <name>__TI_decompress_rle24</name>
         <value>0x17e7</value>
         <object_component_ref idref="oc-1c"/>
      </symbol>
      <symbol id="sm-2fd">
         <name>__TI_zero_init</name>
         <value>0x17a7</value>
         <object_component_ref idref="oc-18"/>
      </symbol>
      <symbol id="sm-318">
         <name>C$$EXIT</name>
         <value>0x15d1</value>
         <object_component_ref idref="oc-49"/>
      </symbol>
      <symbol id="sm-319">
         <name>_dtors_ptr</name>
         <value>0x20000220</value>
         <object_component_ref idref="oc-ce"/>
      </symbol>
      <symbol id="sm-31a">
         <name>abort</name>
         <value>0x15d5</value>
         <object_component_ref idref="oc-49"/>
      </symbol>
      <symbol id="sm-31b">
         <name>_cleanup_ptr</name>
         <value>0x2000021c</value>
         <object_component_ref idref="oc-ce"/>
      </symbol>
      <symbol id="sm-31c">
         <name>exit</name>
         <value>0x15dd</value>
         <object_component_ref idref="oc-49"/>
      </symbol>
      <symbol id="sm-331">
         <name>memcpy</name>
         <value>0xd59</value>
         <object_component_ref idref="oc-50"/>
      </symbol>
      <symbol id="sm-332">
         <name>__aeabi_memcpy</name>
         <value>0xd59</value>
         <object_component_ref idref="oc-50"/>
      </symbol>
      <symbol id="sm-333">
         <name>__aeabi_memcpy8</name>
         <value>0xd59</value>
         <object_component_ref idref="oc-50"/>
      </symbol>
      <symbol id="sm-334">
         <name>__aeabi_memcpy4</name>
         <value>0xd59</value>
         <object_component_ref idref="oc-50"/>
      </symbol>
      <symbol id="sm-340">
         <name>main_func_sp</name>
         <value>0x2000022c</value>
         <object_component_ref idref="oc-4d"/>
      </symbol>
      <symbol id="sm-34e">
         <name>__aeabi_uidivmod</name>
         <value>0x158d</value>
         <object_component_ref idref="oc-193"/>
      </symbol>
      <symbol id="sm-363">
         <name>_nop</name>
         <value>0x178f</value>
         <object_component_ref idref="oc-173"/>
      </symbol>
      <symbol id="sm-364">
         <name>_lock</name>
         <value>0x20000214</value>
         <object_component_ref idref="oc-cc"/>
      </symbol>
      <symbol id="sm-365">
         <name>_unlock</name>
         <value>0x20000218</value>
         <object_component_ref idref="oc-cc"/>
      </symbol>
      <symbol id="sm-366">
         <name>_register_lock</name>
         <value>0x1787</value>
         <object_component_ref idref="oc-173"/>
      </symbol>
      <symbol id="sm-367">
         <name>_register_unlock</name>
         <value>0x1781</value>
         <object_component_ref idref="oc-173"/>
      </symbol>
      <symbol id="sm-376">
         <name>_args_main</name>
         <value>0x1751</value>
         <object_component_ref idref="oc-45"/>
      </symbol>
      <symbol id="sm-390">
         <name>__TI_auto_init</name>
         <value>0xe8d</value>
         <object_component_ref idref="oc-41"/>
      </symbol>
      <symbol id="sm-3a7">
         <name>copy_in</name>
         <value>0x1549</value>
         <object_component_ref idref="oc-c1"/>
      </symbol>
      <symbol id="sm-3bd">
         <name>UARTClockSourceSet</name>
         <value>0x17e1</value>
         <object_component_ref idref="oc-f2"/>
      </symbol>
      <symbol id="sm-3c1">
         <name>SysCtlDelay</name>
         <value>0x17db</value>
         <object_component_ref idref="oc-9e"/>
      </symbol>
      <symbol id="sm-3e2">
         <name>g_sFontCm12</name>
         <value>0x1d50</value>
         <object_component_ref idref="oc-a1"/>
      </symbol>
      <symbol id="sm-4e1">
         <name>GrFontInfoGet</name>
         <value>0x16d1</value>
         <object_component_ref idref="oc-19e"/>
      </symbol>
      <symbol id="sm-4e2">
         <name>GrDefaultStringRenderer</name>
         <value>0xc8f</value>
         <object_component_ref idref="oc-11b"/>
      </symbol>
      <symbol id="sm-4e3">
         <name>GrFontGlyphRender</name>
         <value>0x26d</value>
         <object_component_ref idref="oc-1ad"/>
      </symbol>
      <symbol id="sm-4e4">
         <name>GrContextFontSet</name>
         <value>0x17cf</value>
         <object_component_ref idref="oc-80"/>
      </symbol>
      <symbol id="sm-4e5">
         <name>GrFontGlyphDataGet</name>
         <value>0x16f7</value>
         <object_component_ref idref="oc-1a8"/>
      </symbol>
      <symbol id="sm-4e6">
         <name>GrStringDraw</name>
         <value>0x1795</value>
         <object_component_ref idref="oc-8f"/>
      </symbol>
      <symbol id="sm-4e7">
         <name>GrFontCodepageGet</name>
         <value>0x1719</value>
         <object_component_ref idref="oc-1c3"/>
      </symbol>
      <symbol id="sm-4e8">
         <name>GrStringNextCharGet</name>
         <value>0x16a7</value>
         <object_component_ref idref="oc-1a3"/>
      </symbol>
      <symbol id="sm-502">
         <name>GrRectFill</name>
         <value>0xfb3</value>
         <object_component_ref idref="oc-94"/>
      </symbol>
      <symbol id="sm-503">
         <name>GrRectDraw</name>
         <value>0x110f</value>
         <object_component_ref idref="oc-99"/>
      </symbol>
      <symbol id="sm-51a">
         <name>GrLineDrawH</name>
         <value>0x14bd</value>
         <object_component_ref idref="oc-13c"/>
      </symbol>
      <symbol id="sm-51b">
         <name>GrLineDrawV</name>
         <value>0x1503</value>
         <object_component_ref idref="oc-141"/>
      </symbol>
      <symbol id="sm-537">
         <name>GrContextInit</name>
         <value>0x1175</value>
         <object_component_ref idref="oc-7b"/>
      </symbol>
      <symbol id="sm-538">
         <name>g_psDefaultCodePointMapTable</name>
         <value>0x1e70</value>
         <object_component_ref idref="oc-120"/>
      </symbol>
      <symbol id="sm-544">
         <name>GrMapISO8859_1_Unicode</name>
         <value>0x17c7</value>
         <object_component_ref idref="oc-1b8"/>
      </symbol>
      <symbol id="sm-545">
         <name>__TI_static_base__</name>
         <value>0x0</value>
      </symbol>
      <symbol id="sm-546">
         <name>__TI_args_main</name>
         <value>0x1</value>
      </symbol>
      <symbol id="sm-547">
         <name>SHT$$INIT_ARRAY$$Limit</name>
         <value>0x0</value>
      </symbol>
      <symbol id="sm-548">
         <name>SHT$$INIT_ARRAY$$Base</name>
         <value>0x0</value>
      </symbol>
   </symbol_table>
</link_info>
