******************************************************************************
                  TI ARM Linker PC v5.0.4                      
******************************************************************************
>> Linked Fri Mar 12 12:14:53 2021

OUTPUT FILE NAME:   <ARM_HW1.out>
ENTRY POINT SYMBOL: "_c_int00"  address: 00001475


MEMORY CONFIGURATION

         name            origin    length      used     unused   attr    fill
----------------------  --------  ---------  --------  --------  ----  --------
  FLASH                 00000000   00040000  00001ecc  0003e134  R  X
  SRAM                  20000000   00008000  00000234  00007dcc  RW X


SEGMENT ALLOCATION MAP

run origin  load origin   length   init length attrs members
----------  ----------- ---------- ----------- ----- -------
00000000    00000000    00001ed0   00001ed0    r-x
  00000000    00000000    0000026c   0000026c    r-- .intvecs
  0000026c    0000026c    00001584   00001584    r-x .text
  000017f0    000017f0    00000694   00000694    r-- .const
  00001e88    00001e88    00000048   00000048    r-- .cinit
20000000    20000000    00000200   00000000    rw-
  20000000    20000000    00000200   00000000    rw- .stack
20000200    20000200    00000034   00000030    rw-
  20000200    20000200    00000030   00000030    rw- .data
  20000230    20000230    00000004   00000000    rw- .bss


SECTION ALLOCATION MAP

 output                                  attributes/
section   page    origin      length       input sections
--------  ----  ----------  ----------   ----------------
.intvecs   0    00000000    0000026c     
                  00000000    0000026c     startup_ccs.obj (.intvecs)

.init_array 
*          0    00000000    00000000     UNINITIALIZED

.text      0    0000026c    00001584     
                  0000026c    00000266     grlib.lib : string.obj (.text:GrFontGlyphRender)
                  000004d2    00000002     cfal96x64x16.obj (.text:CFAL96x64x16Flush)
                  000004d4    000001ea     uartstdio.obj (.text:UARTvprintf)
                  000006be    00000002     startup_ccs.obj (.text:FaultISR)
                  000006c0    000001e0     hello.obj (.text:main)
                  000008a0    00000160     cfal96x64x16.obj (.text:CFAL96x64x16Init)
                  00000a00    00000152     switch.obj (.text)
                  00000b52    0000013c     cfal96x64x16.obj (.text:CFAL96x64x16PixelDrawMultiple)
                  00000c8e    000000ca     grlib.lib : string.obj (.text:GrDefaultStringRenderer)
                  00000d58    0000009c     rtsv7M4_T_le_v4SPD16_eabi.lib : memcpy_t2.obj (.text)
                  00000df4    00000098     uartstdio.obj (.text:UARTgets)
                  00000e8c    00000094     rtsv7M4_T_le_v4SPD16_eabi.lib : auto_init.obj (.text)
                  00000f20    00000092     cfal96x64x16.obj (.text:CFAL96x64x16LineDrawV)
                  00000fb2    00000086     grlib.lib : rectangle.obj (.text:GrRectFill)
                  00001038    0000006c     cfal96x64x16.obj (.text:CFAL96x64x16LineDrawH)
                  000010a4    0000006a     hello.obj (.text:stringDraw)
                  0000110e    00000066     grlib.lib : rectangle.obj (.text:GrRectDraw)
                  00001174    00000064               : context.obj (.text:GrContextInit)
                  000011d8    0000005e     rtsv7M4_T_le_v4SPD16_eabi.lib : copy_decompress_rle.obj (.text)
                  00001236    00000002     startup_ccs.obj (.text:IntDefaultHandler)
                  00001238    0000005c     hello.obj (.text:ConfigureUART)
                  00001294    0000005c     grlib.lib : string.obj (.text:FontWideGlyphDataGet)
                  000012f0    00000058     uartstdio.obj (.text:UARTStdioConfig)
                  00001348    0000004c     cfal96x64x16.obj (.text:CFAL96x64x16WriteCommand)
                  00001394    0000004c     cfal96x64x16.obj (.text:CFAL96x64x16WriteData)
                  000013e0    0000004a     grlib.lib : string.obj (.text:UpdateContextCharMapping)
                  0000142a    00000002     startup_ccs.obj (.text:NmiSR)
                  0000142c    00000048     uartstdio.obj (.text:UARTwrite)
                  00001474    00000048     rtsv7M4_T_le_v4SPD16_eabi.lib : boot.obj (.text)
                  000014bc    00000046     grlib.lib : line.obj (.text:GrLineDrawH)
                  00001502    00000046               : line.obj (.text:GrLineDrawV)
                  00001548    00000044     rtsv7M4_T_le_v4SPD16_eabi.lib : cpy_tbl.obj (.text)
                  0000158c    00000042                                   : u_divt2.obj (.text)
                  000015ce    00000002     --HOLE-- [fill = 0]
                  000015d0    00000040                                   : exit.obj (.text)
                  00001610    0000003a     grlib.lib : string.obj (.text:FontGlyphDataGet)
                  0000164a    00000032     cfal96x64x16.obj (.text:CFAL96x64x16PixelDraw)
                  0000167c    0000002a     cfal96x64x16.obj (.text:CFAL96x64x16RectFill)
                  000016a6    0000002a     grlib.lib : string.obj (.text:GrStringNextCharGet)
                  000016d0    00000026               : string.obj (.text:GrFontInfoGet)
                  000016f6    00000022               : string.obj (.text:GrFontGlyphDataGet)
                  00001718    0000001e               : string.obj (.text:GrFontCodepageGet)
                  00001736    0000001a     uartstdio.obj (.text:UARTprintf)
                  00001750    00000018     rtsv7M4_T_le_v4SPD16_eabi.lib : args_main.obj (.text)
                  00001768    00000016     cfal96x64x16.obj (.text:CFAL96x64x16ColorTranslate)
                  0000177e    00000002     --HOLE-- [fill = 0]
                  00001780    00000014     rtsv7M4_T_le_v4SPD16_eabi.lib : _lock.obj (.text)
                  00001794    00000012     grlib.lib : string.obj (.text:GrStringDraw)
                  000017a6    00000012     rtsv7M4_T_le_v4SPD16_eabi.lib : copy_zero_init.obj (.text:decompress:ZI)
                  000017b8    0000000e                                   : copy_decompress_none.obj (.text:decompress:none)
                  000017c6    00000008     grlib.lib : charmap.obj (.text:GrMapISO8859_1_Unicode)
                  000017ce    00000006               : string.obj (.text:GrContextFontSet)
                  000017d4    00000006     startup_ccs.obj (.text:ResetISR)
                  000017da    00000006     driverlib.lib : sysctl.obj (.text:SysCtlDelay)
                  000017e0    00000006                   : uart.obj (.text:UARTClockSourceSet)
                  000017e6    00000006     rtsv7M4_T_le_v4SPD16_eabi.lib : copy_decompress_rle.obj (.text:decompress:rle24)
                  000017ec    00000004     hello.obj (.text:intTochar)

.const     0    000017f0    00000694     
                  000017f0    0000055f     grlib.lib : fontcm12.obj (.const:.string:g_pui8Cm12Data)
                  00001d4f    00000001     --HOLE-- [fill = 0]
                  00001d50    000000c8               : fontcm12.obj (.const:g_sFontCm12)
                  00001e18    00000028     cfal96x64x16.obj (.const:g_sCFAL96x64x16)
                  00001e40    0000001c     uartstdio.obj (.const)
                  00001e5c    00000012     uartstdio.obj (.const:.string)
                  00001e6e    00000002     --HOLE-- [fill = 0]
                  00001e70    00000010     grlib.lib : context.obj (.const)
                  00001e80    00000004     hello.obj (.const:.string)

.cinit     0    00001e88    00000048     
                  00001e88    00000023     (.cinit..data.load) [load image, compression = rle]
                  00001eab    00000001     --HOLE-- [fill = 0]
                  00001eac    0000000c     (__TI_handler_table)
                  00001eb8    00000008     (.cinit..bss.load) [load image, compression = zero_init]
                  00001ec0    00000010     (__TI_cinit_table)

.stack     0    20000000    00000200     UNINITIALIZED
                  20000000    00000200     --HOLE--

.data      0    20000200    00000030     
                  20000200    00000013     cfal96x64x16.obj (.data)
                  20000213    00000001     --HOLE--
                  20000214    00000008     rtsv7M4_T_le_v4SPD16_eabi.lib : _lock.obj (.data)
                  2000021c    00000008                                   : exit.obj (.data)
                  20000224    00000005     uartstdio.obj (.data)
                  20000229    00000003     --HOLE--
                  2000022c    00000004     rtsv7M4_T_le_v4SPD16_eabi.lib : stkdepth_vars.obj (.data)

.bss       0    20000230    00000004     UNINITIALIZED
                  20000230    00000004     grlib.lib : context.obj (.bss)


LINKER GENERATED COPY TABLES

__TI_cinit_table @ 00001ec0 records: 2, size/record: 8, table size: 16
	.data: load addr=00001e88, load size=00000023 bytes, run addr=20000200, run size=00000030 bytes, compression=rle
	.bss: load addr=00001eb8, load size=00000008 bytes, run addr=20000230, run size=00000004 bytes, compression=zero_init


LINKER GENERATED HANDLER TABLE

__TI_handler_table @ 00001eac records: 3, size/record: 4, table size: 12
	index: 0, handler: __TI_decompress_rle24
	index: 1, handler: __TI_decompress_none
	index: 2, handler: __TI_zero_init


GLOBAL SYMBOLS: SORTED ALPHABETICALLY BY Name 

address    name
--------   ----
000015d1   C$$EXIT
000008a1   CFAL96x64x16Init
00001239   ConfigureUART
000017cf   GrContextFontSet
00001175   GrContextInit
00000c8f   GrDefaultStringRenderer
00001719   GrFontCodepageGet
000016f7   GrFontGlyphDataGet
0000026d   GrFontGlyphRender
000016d1   GrFontInfoGet
000014bd   GrLineDrawH
00001503   GrLineDrawV
000017c7   GrMapISO8859_1_Unicode
0000110f   GrRectDraw
00000fb3   GrRectFill
00001795   GrStringDraw
000016a7   GrStringNextCharGet
000017d5   ResetISR
UNDEFED    SHT$$INIT_ARRAY$$Base
UNDEFED    SHT$$INIT_ARRAY$$Limit
00000a01   Switch_Init
00000b0f   Switch_Input
000017db   SysCtlDelay
000017e1   UARTClockSourceSet
000012f1   UARTStdioConfig
00000df5   UARTgets
00001737   UARTprintf
000004d5   UARTvprintf
0000142d   UARTwrite
20000200   __STACK_END
00000200   __STACK_SIZE
20000200   __STACK_TOP
00001ec0   __TI_CINIT_Base
00001ed0   __TI_CINIT_Limit
00001eac   __TI_Handler_Table_Base
00001eb8   __TI_Handler_Table_Limit
00000001   __TI_args_main
00000e8d   __TI_auto_init
000017b9   __TI_decompress_none
000017e7   __TI_decompress_rle24
00000000   __TI_static_base__
000017a7   __TI_zero_init
00000d59   __aeabi_memcpy
00000d59   __aeabi_memcpy4
00000d59   __aeabi_memcpy8
0000158d   __aeabi_uidivmod
ffffffff   __binit__
ffffffff   __c_args__
20000000   __stack
00001751   _args_main
00001475   _c_int00
2000021c   _cleanup_ptr
20000220   _dtors_ptr
20000214   _lock
0000178f   _nop
00001787   _register_lock
00001781   _register_unlock
20000218   _unlock
000015d5   abort
ffffffff   binit
00001549   copy_in
000015dd   exit
00000000   g_pfnVectors
00001e70   g_psDefaultCodePointMapTable
00001e18   g_sCFAL96x64x16
00001d50   g_sFontCm12
000017ed   intTochar
000006c1   main
2000022c   main_func_sp
00000d59   memcpy
00000b49   num_1
00000b4d   num_3
000010a5   stringDraw


GLOBAL SYMBOLS: SORTED BY Symbol Address 

address    name
--------   ----
00000000   __TI_static_base__
00000000   g_pfnVectors
00000001   __TI_args_main
00000200   __STACK_SIZE
0000026d   GrFontGlyphRender
000004d5   UARTvprintf
000006c1   main
000008a1   CFAL96x64x16Init
00000a01   Switch_Init
00000b0f   Switch_Input
00000b49   num_1
00000b4d   num_3
00000c8f   GrDefaultStringRenderer
00000d59   __aeabi_memcpy
00000d59   __aeabi_memcpy4
00000d59   __aeabi_memcpy8
00000d59   memcpy
00000df5   UARTgets
00000e8d   __TI_auto_init
00000fb3   GrRectFill
000010a5   stringDraw
0000110f   GrRectDraw
00001175   GrContextInit
00001239   ConfigureUART
000012f1   UARTStdioConfig
0000142d   UARTwrite
00001475   _c_int00
000014bd   GrLineDrawH
00001503   GrLineDrawV
00001549   copy_in
0000158d   __aeabi_uidivmod
000015d1   C$$EXIT
000015d5   abort
000015dd   exit
000016a7   GrStringNextCharGet
000016d1   GrFontInfoGet
000016f7   GrFontGlyphDataGet
00001719   GrFontCodepageGet
00001737   UARTprintf
00001751   _args_main
00001781   _register_unlock
00001787   _register_lock
0000178f   _nop
00001795   GrStringDraw
000017a7   __TI_zero_init
000017b9   __TI_decompress_none
000017c7   GrMapISO8859_1_Unicode
000017cf   GrContextFontSet
000017d5   ResetISR
000017db   SysCtlDelay
000017e1   UARTClockSourceSet
000017e7   __TI_decompress_rle24
000017ed   intTochar
00001d50   g_sFontCm12
00001e18   g_sCFAL96x64x16
00001e70   g_psDefaultCodePointMapTable
00001eac   __TI_Handler_Table_Base
00001eb8   __TI_Handler_Table_Limit
00001ec0   __TI_CINIT_Base
00001ed0   __TI_CINIT_Limit
20000000   __stack
20000200   __STACK_END
20000200   __STACK_TOP
20000214   _lock
20000218   _unlock
2000021c   _cleanup_ptr
20000220   _dtors_ptr
2000022c   main_func_sp
ffffffff   __binit__
ffffffff   __c_args__
ffffffff   binit
UNDEFED    SHT$$INIT_ARRAY$$Base
UNDEFED    SHT$$INIT_ARRAY$$Limit

[73 symbols]
